Component: ARM Compiler 5.06 update 1 (build 61) Tool: armlink [4d35a8]

==============================================================================

Section Cross References

    main.o(i.main) refers to delay.o(i.delay_Init) for delay_Init
    main.o(i.main) refers to bluetooth.o(i.bluetooth_Init) for bluetooth_Init
    main.o(i.main) refers to auto_receive_send_data.o(i.ARSD_Init) for ARSD_Init
    main.o(i.main) refers to steer.o(i.steer_Init) for steer_Init
    main.o(i.main) refers to motor.o(i.motor_Init) for motor_Init
    main.o(i.main) refers to infrared.o(i.infrared_Init) for infrared_Init
    main.o(i.main) refers to encoder.o(i.Init_Encoder) for Init_Encoder
    main.o(i.main) refers to pid.o(i.Parameter_Init) for Parameter_Init
    bluetooth.o(i.USART1_IRQHandler) refers to stm32f4xx_usart.o(i.USART_GetITStatus) for USART_GetITStatus
    bluetooth.o(i.USART1_IRQHandler) refers to stm32f4xx_usart.o(i.USART_ITConfig) for USART_ITConfig
    bluetooth.o(i.Uart1_Put_Buf) refers to stm32f4xx_usart.o(i.USART_SendData) for USART_SendData
    bluetooth.o(i.Uart1_Put_Buf) refers to stm32f4xx_usart.o(i.USART_GetFlagStatus) for USART_GetFlagStatus
    bluetooth.o(i.Uart1_Put_Buf) refers to bluetooth.o(.data) for data_to_send
    bluetooth.o(i.bluetooth_Close) refers to stm32f4xx_usart.o(i.USART_Cmd) for USART_Cmd
    bluetooth.o(i.bluetooth_GPIO_Config) refers to stm32f4xx_rcc.o(i.RCC_AHB1PeriphClockCmd) for RCC_AHB1PeriphClockCmd
    bluetooth.o(i.bluetooth_GPIO_Config) refers to stm32f4xx_gpio.o(i.GPIO_PinAFConfig) for GPIO_PinAFConfig
    bluetooth.o(i.bluetooth_GPIO_Config) refers to stm32f4xx_gpio.o(i.GPIO_Init) for GPIO_Init
    bluetooth.o(i.bluetooth_Init) refers to bluetooth.o(i.bluetooth_GPIO_Config) for bluetooth_GPIO_Config
    bluetooth.o(i.bluetooth_Init) refers to bluetooth.o(i.bluetooth_USART_Config) for bluetooth_USART_Config
    bluetooth.o(i.bluetooth_Init) refers to bluetooth.o(i.bluetooth_NVIC_Config) for bluetooth_NVIC_Config
    bluetooth.o(i.bluetooth_NVIC_Config) refers to misc.o(i.NVIC_Init) for NVIC_Init
    bluetooth.o(i.bluetooth_USART_Config) refers to stm32f4xx_rcc.o(i.RCC_APB2PeriphClockCmd) for RCC_APB2PeriphClockCmd
    bluetooth.o(i.bluetooth_USART_Config) refers to stm32f4xx_usart.o(i.USART_Init) for USART_Init
    bluetooth.o(i.bluetooth_USART_Config) refers to stm32f4xx_usart.o(i.USART_ITConfig) for USART_ITConfig
    bluetooth.o(i.bluetooth_USART_Config) refers to stm32f4xx_usart.o(i.USART_Cmd) for USART_Cmd
    send_data.o(i.Data_Send_PID) refers to bluetooth.o(i.Uart1_Put_Buf) for Uart1_Put_Buf
    send_data.o(i.Data_Send_PID) refers to bluetooth.o(.data) for data_to_send
    send_data.o(i.Data_Send_PID) refers to status.o(.data) for SpeedP
    send_data.o(i.Data_Send_PWM) refers to bluetooth.o(i.Uart1_Put_Buf) for Uart1_Put_Buf
    send_data.o(i.Data_Send_PWM) refers to bluetooth.o(.data) for data_to_send
    send_data.o(i.Data_Send_Position) refers to bluetooth.o(i.Uart1_Put_Buf) for Uart1_Put_Buf
    send_data.o(i.Data_Send_Position) refers to bluetooth.o(.data) for data_to_send
    send_data.o(i.Data_Send_Position) refers to status.o(.data) for Position
    send_data.o(i.Data_Send_Speed) refers to bluetooth.o(i.Uart1_Put_Buf) for Uart1_Put_Buf
    send_data.o(i.Data_Send_Speed) refers to bluetooth.o(.data) for data_to_send
    send_data.o(i.Data_Send_Speed) refers to status.o(.data) for SpeedL
    auto_receive_send_data.o(i.ARSD_Init) refers to auto_receive_send_data.o(i.ARSD_NVIC_Config) for ARSD_NVIC_Config
    auto_receive_send_data.o(i.ARSD_Init) refers to auto_receive_send_data.o(i.ARSD_TIM7_Config) for ARSD_TIM7_Config
    auto_receive_send_data.o(i.ARSD_NVIC_Config) refers to misc.o(i.NVIC_Init) for NVIC_Init
    auto_receive_send_data.o(i.ARSD_TIM7_Config) refers to stm32f4xx_rcc.o(i.RCC_APB1PeriphClockCmd) for RCC_APB1PeriphClockCmd
    auto_receive_send_data.o(i.ARSD_TIM7_Config) refers to stm32f4xx_tim.o(i.TIM_TimeBaseInit) for TIM_TimeBaseInit
    auto_receive_send_data.o(i.ARSD_TIM7_Config) refers to stm32f4xx_tim.o(i.TIM_ITConfig) for TIM_ITConfig
    auto_receive_send_data.o(i.ARSD_TIM7_Config) refers to stm32f4xx_tim.o(i.TIM_Cmd) for TIM_Cmd
    auto_receive_send_data.o(i.TIM7_IRQHandler) refers to stm32f4xx_tim.o(i.TIM_GetITStatus) for TIM_GetITStatus
    auto_receive_send_data.o(i.TIM7_IRQHandler) refers to send_data.o(i.Data_Send_Speed) for Data_Send_Speed
    auto_receive_send_data.o(i.TIM7_IRQHandler) refers to send_data.o(i.Data_Send_PWM) for Data_Send_PWM
    auto_receive_send_data.o(i.TIM7_IRQHandler) refers to send_data.o(i.Data_Send_Position) for Data_Send_Position
    auto_receive_send_data.o(i.TIM7_IRQHandler) refers to send_data.o(i.Data_Send_PID) for Data_Send_PID
    auto_receive_send_data.o(i.TIM7_IRQHandler) refers to stm32f4xx_tim.o(i.TIM_ClearITPendingBit) for TIM_ClearITPendingBit
    delay.o(i.delay_Init) refers to misc.o(i.SysTick_CLKSourceConfig) for SysTick_CLKSourceConfig
[...]
    encoder.o(i.TIM2_Init) refers to misc.o(i.NVIC_Init) for NVIC_Init
    encoder.o(i.TIM3_IRQHandler) refers to stm32f4xx_tim.o(i.TIM_GetITStatus) for TIM_GetITStatus
    encoder.o(i.TIM3_IRQHandler) refers to stm32f4xx_tim.o(i.TIM_SetCounter) for TIM_SetCounter
    encoder.o(i.TIM3_IRQHandler) refers to stm32f4xx_tim.o(i.TIM_ClearFlag) for TIM_ClearFlag
    encoder.o(i.TIM3_IRQHandler) refers to encoder.o(.data) for Error_times
    encoder.o(i.TIM3_Init) refers to stm32f4xx_rcc.o(i.RCC_APB1PeriphClockCmd) for RCC_APB1PeriphClockCmd
    encoder.o(i.TIM3_Init) refers to stm32f4xx_rcc.o(i.RCC_AHB1PeriphClockCmd) for RCC_AHB1PeriphClockCmd
    encoder.o(i.TIM3_Init) refers to stm32f4xx_gpio.o(i.GPIO_Init) for GPIO_Init
    encoder.o(i.TIM3_Init) refers to stm32f4xx_gpio.o(i.GPIO_PinAFConfig) for GPIO_PinAFConfig
    encoder.o(i.TIM3_Init) refers to stm32f4xx_tim.o(i.TIM_DeInit) for TIM_DeInit
    encoder.o(i.TIM3_Init) refers to stm32f4xx_tim.o(i.TIM_TimeBaseStructInit) for TIM_TimeBaseStructInit
    encoder.o(i.TIM3_Init) refers to stm32f4xx_tim.o(i.TIM_TimeBaseInit) for TIM_TimeBaseInit
    encoder.o(i.TIM3_Init) refers to stm32f4xx_tim.o(i.TIM_EncoderInterfaceConfig) for TIM_EncoderInterfaceConfig
    encoder.o(i.TIM3_Init) refers to stm32f4xx_tim.o(i.TIM_ICInit) for TIM_ICInit
    encoder.o(i.TIM3_Init) refers to stm32f4xx_tim.o(i.TIM_ITConfig) for TIM_ITConfig
    encoder.o(i.TIM3_Init) refers to stm32f4xx_tim.o(i.TIM_SetCounter) for TIM_SetCounter
    encoder.o(i.TIM3_Init) refers to stm32f4xx_tim.o(i.TIM_Cmd) for TIM_Cmd
    encoder.o(i.TIM3_Init) refers to misc.o(i.NVIC_Init) for NVIC_Init
    encoder.o(i.TIM4_IRQHandler) refers to stm32f4xx_tim.o(i.TIM_GetITStatus) for TIM_GetITStatus
    encoder.o(i.TIM4_IRQHandler) refers to stm32f4xx_tim.o(i.TIM_SetCounter) for TIM_SetCounter
    encoder.o(i.TIM4_IRQHandler) refers to stm32f4xx_tim.o(i.TIM_ClearFlag) for TIM_ClearFlag
    encoder.o(i.TIM4_IRQHandler) refers to encoder.o(.data) for Error_times
    encoder.o(i.TIM4_Init) refers to stm32f4xx_rcc.o(i.RCC_APB1PeriphClockCmd) for RCC_APB1PeriphClockCmd
    encoder.o(i.TIM4_Init) refers to stm32f4xx_rcc.o(i.RCC_AHB1PeriphClockCmd) for RCC_AHB1PeriphClockCmd
    encoder.o(i.TIM4_Init) refers to stm32f4xx_gpio.o(i.GPIO_Init) for GPIO_Init
    encoder.o(i.TIM4_Init) refers to stm32f4xx_gpio.o(i.GPIO_PinAFConfig) for GPIO_PinAFConfig
    encoder.o(i.TIM4_Init) refers to stm32f4xx_tim.o(i.TIM_DeInit) for TIM_DeInit
    encoder.o(i.TIM4_Init) refers to stm32f4xx_tim.o(i.TIM_TimeBaseStructInit) for TIM_TimeBaseStructInit
    encoder.o(i.TIM4_Init) refers to stm32f4xx_tim.o(i.TIM_TimeBaseInit) for TIM_TimeBaseInit
    encoder.o(i.TIM4_Init) refers to stm32f4xx_tim.o(i.TIM_EncoderInterfaceConfig) for TIM_EncoderInterfaceConfig
    encoder.o(i.TIM4_Init) refers to stm32f4xx_tim.o(i.TIM_ICInit) for TIM_ICInit
    encoder.o(i.TIM4_Init) refers to stm32f4xx_tim.o(i.TIM_ITConfig) for TIM_ITConfig
    encoder.o(i.TIM4_Init) refers to stm32f4xx_tim.o(i.TIM_SetCounter) for TIM_SetCounter
    encoder.o(i.TIM4_Init) refers to stm32f4xx_tim.o(i.TIM_Cmd) for TIM_Cmd
    encoder.o(i.TIM4_Init) refers to misc.o(i.NVIC_Init) for NVIC_Init
    steer.o(i.steer_Close) refers to stm32f4xx_tim.o(i.TIM_Cmd) for TIM_Cmd
    steer.o(i.steer_GPIO_Config) refers to stm32f4xx_rcc.o(i.RCC_AHB1PeriphClockCmd) for RCC_AHB1PeriphClockCmd
    steer.o(i.steer_GPIO_Config) refers to stm32f4xx_gpio.o(i.GPIO_Init) for GPIO_Init
    steer.o(i.steer_GPIO_Config) refers to stm32f4xx_gpio.o(i.GPIO_PinAFConfig) for GPIO_PinAFConfig
    steer.o(i.steer_Init) refers to steer.o(i.steer_GPIO_Config) for steer_GPIO_Config
    steer.o(i.steer_Init) refers to steer.o(i.steer_Mode_Config) for steer_Mode_Config
    steer.o(i.steer_Mode_Config) refers to stm32f4xx_rcc.o(i.RCC_APB2PeriphClockCmd) for RCC_APB2PeriphClockCmd
    steer.o(i.steer_Mode_Config) refers to stm32f4xx_tim.o(i.TIM_TimeBaseInit) for TIM_TimeBaseInit
    steer.o(i.steer_Mode_Config) refers to stm32f4xx_tim.o(i.TIM_OC2Init) for TIM_OC2Init
    steer.o(i.steer_Mode_Config) refers to stm32f4xx_tim.o(i.TIM_OC2PreloadConfig) for TIM_OC2PreloadConfig
    steer.o(i.steer_Mode_Config) refers to stm32f4xx_tim.o(i.TIM_ARRPreloadConfig) for TIM_ARRPreloadConfig
    steer.o(i.steer_Mode_Config) refers to stm32f4xx_tim.o(i.TIM_Cmd) for TIM_Cmd
    steer.o(i.steer_Mode_Config) refers to stm32f4xx_tim.o(i.TIM_CtrlPWMOutputs) for TIM_CtrlPWMOutputs
    steer.o(i.steer_Parameter) refers to status.o(.data) for Steer_Er_Last
    infrared.o(i.TIM6_DAC_IRQHandler) refers to stm32f4xx_tim.o(i.TIM_GetITStatus) for TIM_GetITStatus
    infrared.o(i.TIM6_DAC_IRQHandler) refers to stm32f4xx_gpio.o(i.GPIO_ReadInputDataBit) for GPIO_ReadInputDataBit
    infrared.o(i.TIM6_DAC_IRQHandler) refers to infrared.o(i.infrared_data_read) for infrared_data_read
    infrared.o(i.TIM6_DAC_IRQHandler) refers to stm32f4xx_tim.o(i.TIM_ClearITPendingBit) for TIM_ClearITPendingBit
    infrared.o(i.infrared_Close) refers to stm32f4xx_tim.o(i.TIM_Cmd) for TIM_Cmd
    infrared.o(i.infrared_GPIO_Config) refers to stm32f4xx_rcc.o(i.RCC_AHB1PeriphClockCmd) for RCC_AHB1PeriphClockCmd
    infrared.o(i.infrared_GPIO_Config) refers to stm32f4xx_gpio.o(i.GPIO_Init) for GPIO_Init
    infrared.o(i.infrared_Init) refers to infrared.o(i.infrared_GPIO_Config) for infrared_GPIO_Config
    infrared.o(i.infrared_Init) refers to infrared.o(i.infrared_TIM6_Config) for infrared_TIM6_Config
    infrared.o(i.infrared_Init) refers to infrared.o(i.infrared_NVIC_Config) for infrared_NVIC_Config
    infrared.o(i.infrared_NVIC_Config) refers to misc.o(i.NVIC_PriorityGroupConfig) for NVIC_PriorityGroupConfig
    infrared.o(i.infrared_NVIC_Config) refers to misc.o(i.NVIC_Init) for NVIC_Init
    infrared.o(i.infrared_TIM6_Config) refers to stm32f4xx_rcc.o(i.RCC_APB1PeriphClockCmd) for RCC_APB1PeriphClockCmd
    infrared.o(i.infrared_TIM6_Config) refers to stm32f4xx_tim.o(i.TIM_TimeBaseInit) for TIM_TimeBaseInit
    infrared.o(i.infrared_TIM6_Config) refers to stm32f4xx_tim.o(i.TIM_ITConfig) for TIM_ITConfig
    infrared.o(i.infrared_TIM6_Config) refers to stm32f4xx_tim.o(i.TIM_Cmd) for TIM_Cmd
    infrared.o(i.infrared_data_read) refers to status.o(.data) for Position
    pid.o(i.Parameter_Close) refers to stm32f4xx_tim.o(i.TIM_Cmd) for TIM_Cmd
    pid.o(i.Parameter_Init) refers to pid.o(i.parameter_NVIC_Config) for parameter_NVIC_Config
    pid.o(i.Parameter_Init) refers to pid.o(i.parameter_Mode_Config) for parameter_Mode_Config
    pid.o(i.TIM5_IRQHandler) refers to stm32f4xx_tim.o(i.TIM_GetITStatus) for TIM_GetITStatus
    pid.o(i.TIM5_IRQHandler) refers to steer.o(i.steer_Parameter) for steer_Parameter
    pid.o(i.TIM5_IRQHandler) refers to motor.o(i.motor_Parameter) for motor_Parameter
    pid.o(i.TIM5_IRQHandler) refers to steer.o(i.steer_PWM) for steer_PWM
    pid.o(i.TIM5_IRQHandler) refers to stm32f4xx_tim.o(i.TIM_ClearITPendingBit) for TIM_ClearITPendingBit
    pid.o(i.TIM5_IRQHandler) refers to status.o(.data) for SteerP
    pid.o(i.parameter_Mode_Config) refers to stm32f4xx_rcc.o(i.RCC_APB1PeriphClockCmd) for RCC_APB1PeriphClockCmd
    pid.o(i.parameter_Mode_Config) refers to stm32f4xx_tim.o(i.TIM_TimeBaseInit) for TIM_TimeBaseInit
    pid.o(i.parameter_Mode_Config) refers to stm32f4xx_tim.o(i.TIM_ITConfig) for TIM_ITConfig
    pid.o(i.parameter_Mode_Config) refers to stm32f4xx_tim.o(i.TIM_Cmd) for TIM_Cmd
    pid.o(i.parameter_NVIC_Config) refers to misc.o(i.NVIC_Init) for NVIC_Init
    stm32f4xx_adc.o(i.ADC_DeInit) refers to stm32f4xx_rcc.o(i.RCC_APB2PeriphResetCmd) for RCC_APB2PeriphResetCmd
    stm32f4xx_dac.o(i.DAC_DeInit) refers to stm32f4xx_rcc.o(i.RCC_APB1PeriphResetCmd) for RCC_APB1PeriphResetCmd
    stm32f4xx_gpio.o(i.GPIO_DeInit) refers to stm32f4xx_rcc.o(i.RCC_AHB1PeriphResetCmd) for RCC_AHB1PeriphResetCmd
    stm32f4xx_i2c.o(i.I2C_DeInit) refers to stm32f4xx_rcc.o(i.RCC_APB1PeriphResetCmd) for RCC_APB1PeriphResetCmd
    stm32f4xx_i2c.o(i.I2C_Init) refers to stm32f4xx_rcc.o(i.RCC_GetClocksFreq) for RCC_GetClocksFreq
    stm32f4xx_rcc.o(i.RCC_GetClocksFreq) refers to stm32f4xx_rcc.o(.data) for APBAHBPrescTable
    stm32f4xx_rcc.o(i.RCC_WaitForHSEStartUp) refers to stm32f4xx_rcc.o(i.RCC_GetFlagStatus) for RCC_GetFlagStatus
    stm32f4xx_spi.o(i.SPI_I2S_DeInit) refers to stm32f4xx_rcc.o(i.RCC_APB2PeriphResetCmd) for RCC_APB2PeriphResetCmd
    stm32f4xx_spi.o(i.SPI_I2S_DeInit) refers to stm32f4xx_rcc.o(i.RCC_APB1PeriphResetCmd) for RCC_APB1PeriphResetCmd
    stm32f4xx_tim.o(i.TIM_DeInit) refers to stm32f4xx_rcc.o(i.RCC_APB2PeriphResetCmd) for RCC_APB2PeriphResetCmd
    stm32f4xx_tim.o(i.TIM_DeInit) refers to stm32f4xx_rcc.o(i.RCC_APB1PeriphResetCmd) for RCC_APB1PeriphResetCmd
    stm32f4xx_tim.o(i.TIM_ETRClockMode1Config) refers to stm32f4xx_tim.o(i.TIM_ETRConfig) for TIM_ETRConfig
    stm32f4xx_tim.o(i.TIM_ETRClockMode2Config) refers to stm32f4xx_tim.o(i.TIM_ETRConfig) for TIM_ETRConfig
    stm32f4xx_tim.o(i.TIM_ICInit) refers to stm32f4xx_tim.o(i.TI1_Config) for TI1_Config
    stm32f4xx_tim.o(i.TIM_ICInit) refers to stm32f4xx_tim.o(i.TIM_SetIC1Prescaler) for TIM_SetIC1Prescaler
    stm32f4xx_tim.o(i.TIM_ICInit) refers to stm32f4xx_tim.o(i.TI2_Config) for TI2_Config
    stm32f4xx_tim.o(i.TIM_ICInit) refers to stm32f4xx_tim.o(i.TIM_SetIC2Prescaler) for TIM_SetIC2Prescaler
    stm32f4xx_tim.o(i.TIM_ICInit) refers to stm32f4xx_tim.o(i.TI3_Config) for TI3_Config
    stm32f4xx_tim.o(i.TIM_ICInit) refers to stm32f4xx_tim.o(i.TIM_SetIC3Prescaler) for TIM_SetIC3Prescaler
    stm32f4xx_tim.o(i.TIM_ICInit) refers to stm32f4xx_tim.o(i.TI4_Config) for TI4_Config
    stm32f4xx_tim.o(i.TIM_ICInit) refers to stm32f4xx_tim.o(i.TIM_SetIC4Prescaler) for TIM_SetIC4Prescaler
    stm32f4xx_tim.o(i.TIM_ITRxExternalClockConfig) refers to stm32f4xx_tim.o(i.TIM_SelectInputTrigger) for TIM_SelectInputTrigger
    stm32f4xx_tim.o(i.TIM_PWMIConfig) refers to stm32f4xx_tim.o(i.TI1_Config) for TI1_Config
    stm32f4xx_tim.o(i.TIM_PWMIConfig) refers to stm32f4xx_tim.o(i.TIM_SetIC1Prescaler) for TIM_SetIC1Prescaler
    stm32f4xx_tim.o(i.TIM_PWMIConfig) refers to stm32f4xx_tim.o(i.TI2_Config) for TI2_Config
    stm32f4xx_tim.o(i.TIM_PWMIConfig) refers to stm32f4xx_tim.o(i.TIM_SetIC2Prescaler) for TIM_SetIC2Prescaler
    stm32f4xx_tim.o(i.TIM_TIxExternalClockConfig) refers to stm32f4xx_tim.o(i.TI2_Config) for TI2_Config
    stm32f4xx_tim.o(i.TIM_TIxExternalClockConfig) refers to stm32f4xx_tim.o(i.TI1_Config) for TI1_Config
    stm32f4xx_tim.o(i.TIM_TIxExternalClockConfig) refers to stm32f4xx_tim.o(i.TIM_SelectInputTrigger) for TIM_SelectInputTrigger
    stm32f4xx_usart.o(i.USART_DeInit) refers to stm32f4xx_rcc.o(i.RCC_APB2PeriphResetCmd) for RCC_APB2PeriphResetCmd
    stm32f4xx_usart.o(i.USART_DeInit) refers to stm32f4xx_rcc.o(i.RCC_APB1PeriphResetCmd) for RCC_APB1PeriphResetCmd
    stm32f4xx_usart.o(i.USART_Init) refers to stm32f4xx_rcc.o(i.RCC_GetClocksFreq) for RCC_GetClocksFreq
    startup_stm32f40_41xxx.o(RESET) refers to startup_stm32f40_41xxx.o(STACK) for __initial_sp
    startup_stm32f40_41xxx.o(RESET) refers to startup_stm32f40_41xxx.o(.text) for Reset_Handler
    startup_stm32f40_41xxx.o(RESET) refers to encoder.o(i.TIM2_IRQHandler) for TIM2_IRQHandler
    startup_stm32f40_41xxx.o(RESET) refers to encoder.o(i.TIM3_IRQHandler) for TIM3_IRQHandler
    startup_stm32f40_41xxx.o(RESET) refers to encoder.o(i.TIM4_IRQHandler) for TIM4_IRQHandler
    startup_stm32f40_41xxx.o(RESET) refers to bluetooth.o(i.USART1_IRQHandler) for USART1_IRQHandler
    startup_stm32f40_41xxx.o(RESET) refers to pid.o(i.TIM5_IRQHandler) for TIM5_IRQHandler
    startup_stm32f40_41xxx.o(RESET) refers to infrared.o(i.TIM6_DAC_IRQHandler) for TIM6_DAC_IRQHandler
    startup_stm32f40_41xxx.o(RESET) refers to auto_receive_send_data.o(i.TIM7_IRQHandler) for TIM7_IRQHandler
    startup_stm32f40_41xxx.o(.text) refers to system_stm32f4xx.o(i.SystemInit) for SystemInit
    startup_stm32f40_41xxx.o(.text) refers to entry.o(.ARM.Collect$$$$00000000) for __main
    system_stm32f4xx.o(i.SystemCoreClockUpdate) refers to system_stm32f4xx.o(.data) for SystemCoreClock
    system_stm32f4xx.o(i.SystemInit) refers to system_stm32f4xx.o(i.SetSysClock) for SetSysClock
    entry.o(.ARM.Collect$$$$00000000) refers (Special) to entry10a.o(.ARM.Collect$$$$0000000D) for __rt_final_cpp
    entry.o(.ARM.Collect$$$$00000000) refers (Special) to entry11a.o(.ARM.Collect$$$$0000000F) for __rt_final_exit
    entry.o(.ARM.Collect$$$$00000000) refers (Special) to entry7b.o(.ARM.Collect$$$$00000008) for _main_clock
    entry.o(.ARM.Collect$$$$00000000) refers (Special) to entry8b.o(.ARM.Collect$$$$0000000A) for _main_cpp_init
    entry.o(.ARM.Collect$$$$00000000) refers (Special) to entry9a.o(.ARM.Collect$$$$0000000B) for _main_init
    entry.o(.ARM.Collect$$$$00000000) refers (Special) to entry5.o(.ARM.Collect$$$$00000004) for _main_scatterload
    entry.o(.ARM.Collect$$$$00000000) refers (Special) to entry2.o(.ARM.Collect$$$$00000001) for _main_stk
    entry2.o(.ARM.Collect$$$$00000001) refers to entry2.o(.ARM.Collect$$$$00002712) for __lit__00000000
    entry2.o(.ARM.Collect$$$$00002712) refers to startup_stm32f40_41xxx.o(STACK) for __initial_sp
    entry2.o(__vectab_stack_and_reset_area) refers to startup_stm32f40_41xxx.o(STACK) for __initial_sp
    entry2.o(__vectab_stack_and_reset_area) refers to entry.o(.ARM.Collect$$$$00000000) for __main
    entry5.o(.ARM.Collect$$$$00000004) refers to init.o(.text) for __scatterload
    entry9a.o(.ARM.Collect$$$$0000000B) refers to main.o(i.main) for main
    entry9b.o(.ARM.Collect$$$$0000000C) refers to main.o(i.main) for main
    init.o(.text) refers to entry5.o(.ARM.Collect$$$$00000004) for __main_after_scatterload


==============================================================================

Removing Unused input sections from the image.

    Removing main.o(.rev16_text), (4 bytes).
    Removing main.o(.revsh_text), (4 bytes).
    Removing main.o(.rrx_text), (6 bytes).
    Removing bluetooth.o(.rev16_text), (4 bytes).
    Removing bluetooth.o(.revsh_text), (4 bytes).
    Removing bluetooth.o(.rrx_text), (6 bytes).
    Removing bluetooth.o(i.bluetooth_Close), (16 bytes).
    Removing bluetooth.o(.bss), (9 bytes).
    Removing send_data.o(.rev16_text), (4 bytes).
    Removing send_data.o(.revsh_text), (4 bytes).
    Removing send_data.o(.rrx_text), (6 bytes).
    Removing auto_receive_send_data.o(.rev16_text), (4 bytes).
    Removing auto_receive_send_data.o(.revsh_text), (4 bytes).
    Removing auto_receive_send_data.o(.rrx_text), (6 bytes).
    Removing delay.o(.rev16_text), (4 bytes).
    Removing delay.o(.revsh_text), (4 bytes).
    Removing delay.o(.rrx_text), (6 bytes).
    Removing delay.o(i.delay_ms), (60 bytes).
    Removing delay.o(i.delay_nop), (16 bytes).
    Removing delay.o(i.delay_num), (12 bytes).
    Removing delay.o(i.delay_us), (60 bytes).
    Removing status.o(.rev16_text), (4 bytes).
    Removing status.o(.revsh_text), (4 bytes).
    Removing status.o(.rrx_text), (6 bytes).
    Removing motor.o(.rev16_text), (4 bytes).
    Removing motor.o(.revsh_text), (4 bytes).
    Removing motor.o(.rrx_text), (6 bytes).
    Removing motor.o(i.motor_Close), (16 bytes).
    Removing encoder.o(.rev16_text), (4 bytes).
    Removing encoder.o(.revsh_text), (4 bytes).
    Removing encoder.o(.rrx_text), (6 bytes).
    Removing steer.o(.rev16_text), (4 bytes).
    Removing steer.o(.revsh_text), (4 bytes).
    Removing steer.o(.rrx_text), (6 bytes).
    Removing steer.o(i.steer_Close), (16 bytes).
    Removing infrared.o(.rev16_text), (4 bytes).
    Removing infrared.o(.revsh_text), (4 bytes).
    Removing infrared.o(.rrx_text), (6 bytes).
    Removing infrared.o(i.infrared_Close), (16 bytes).
    Removing pid.o(.rev16_text), (4 bytes).
    Removing pid.o(.revsh_text), (4 bytes).
    Removing pid.o(.rrx_text), (6 bytes).
    Removing pid.o(i.Parameter_Close), (16 bytes).
    Removing misc.o(.rev16_text), (4 bytes).
    Removing misc.o(.revsh_text), (4 bytes).
    Removing misc.o(.rrx_text), (6 bytes).
    Removing misc.o(i.NVIC_SetVectorTable), (20 bytes).
    Removing misc.o(i.NVIC_SystemLPConfig), (32 bytes).
    Removing stm32f4xx_adc.o(.rev16_text), (4 bytes).
    Removing stm32f4xx_adc.o(.revsh_text), (4 bytes).
    Removing stm32f4xx_adc.o(.rrx_text), (6 bytes).
    Removing stm32f4xx_adc.o(i.ADC_AnalogWatchdogCmd), (20 bytes).
    Removing stm32f4xx_adc.o(i.ADC_AnalogWatchdogSingleChannelConfig), (16 bytes).
    Removing stm32f4xx_adc.o(i.ADC_AnalogWatchdogThresholdsConfig), (6 bytes).
    Removing stm32f4xx_adc.o(i.ADC_AutoInjectedConvCmd), (22 bytes).
    Removing stm32f4xx_adc.o(i.ADC_ClearFlag), (6 bytes).
    Removing stm32f4xx_adc.o(i.ADC_ClearITPendingBit), (10 bytes).
    Removing stm32f4xx_adc.o(i.ADC_Cmd), (22 bytes).
    Removing stm32f4xx_adc.o(i.ADC_CommonInit), (48 bytes).
    Removing stm32f4xx_adc.o(i.ADC_CommonStructInit), (12 bytes).
    Removing stm32f4xx_adc.o(i.ADC_ContinuousModeCmd), (22 bytes).
    Removing stm32f4xx_adc.o(i.ADC_DMACmd), (22 bytes).
    Removing stm32f4xx_adc.o(i.ADC_DMARequestAfterLastTransferCmd), (22 bytes).
    Removing stm32f4xx_adc.o(i.ADC_DeInit), (22 bytes).
    Removing stm32f4xx_adc.o(i.ADC_DiscModeChannelCountConfig), (24 bytes).
    Removing stm32f4xx_adc.o(i.ADC_DiscModeCmd), (22 bytes).
    Removing stm32f4xx_adc.o(i.ADC_EOCOnEachRegularChannelCmd), (22 bytes).
    Removing stm32f4xx_adc.o(i.ADC_ExternalTrigInjectedConvConfig), (16 bytes).
    Removing stm32f4xx_adc.o(i.ADC_ExternalTrigInjectedConvEdgeConfig), (16 bytes).
    Removing stm32f4xx_adc.o(i.ADC_GetConversionValue), (8 bytes).
    Removing stm32f4xx_adc.o(i.ADC_GetFlagStatus), (18 bytes).
    Removing stm32f4xx_adc.o(i.ADC_GetITStatus), (38 bytes).
    Removing stm32f4xx_adc.o(i.ADC_GetInjectedConversionValue), (28 bytes).
    Removing stm32f4xx_adc.o(i.ADC_GetMultiModeConversionValue), (12 bytes).
    Removing stm32f4xx_adc.o(i.ADC_GetSoftwareStartConvStatus), (20 bytes).
    Removing stm32f4xx_adc.o(i.ADC_GetSoftwareStartInjectedConvCmdStatus), (20 bytes).
    Removing stm32f4xx_adc.o(i.ADC_ITConfig), (32 bytes).
    Removing stm32f4xx_adc.o(i.ADC_Init), (84 bytes).
    Removing stm32f4xx_adc.o(i.ADC_InjectedChannelConfig), (130 bytes).
    Removing stm32f4xx_adc.o(i.ADC_InjectedDiscModeCmd), (22 bytes).
    Removing stm32f4xx_adc.o(i.ADC_InjectedSequencerLengthConfig), (24 bytes).
    Removing stm32f4xx_adc.o(i.ADC_MultiModeDMARequestAfterLastTransferCmd), (44 bytes).
    Removing stm32f4xx_adc.o(i.ADC_RegularChannelConfig), (184 bytes).
    Removing stm32f4xx_adc.o(i.ADC_SetInjectedOffset), (20 bytes).
    Removing stm32f4xx_adc.o(i.ADC_SoftwareStartConv), (10 bytes).
    Removing stm32f4xx_adc.o(i.ADC_SoftwareStartInjectedConv), (10 bytes).
    Removing stm32f4xx_adc.o(i.ADC_StructInit), (20 bytes).
    Removing stm32f4xx_adc.o(i.ADC_TempSensorVrefintCmd), (44 bytes).
    Removing stm32f4xx_adc.o(i.ADC_VBATCmd), (44 bytes).
    Removing stm32f4xx_dac.o(.rev16_text), (4 bytes).
    Removing stm32f4xx_dac.o(.revsh_text), (4 bytes).
    Removing stm32f4xx_dac.o(.rrx_text), (6 bytes).
    Removing stm32f4xx_dac.o(i.DAC_ClearFlag), (16 bytes).
    Removing stm32f4xx_dac.o(i.DAC_ClearITPendingBit), (16 bytes).
    Removing stm32f4xx_dac.o(i.DAC_Cmd), (40 bytes).
    Removing stm32f4xx_dac.o(i.DAC_DMACmd), (44 bytes).
    Removing stm32f4xx_dac.o(i.DAC_DeInit), (22 bytes).
    Removing stm32f4xx_dac.o(i.DAC_DualSoftwareTriggerCmd), (36 bytes).
    Removing stm32f4xx_dac.o(i.DAC_GetDataOutputValue), (36 bytes).
    Removing stm32f4xx_dac.o(i.DAC_GetFlagStatus), (32 bytes).
    Removing stm32f4xx_dac.o(i.DAC_GetITStatus), (48 bytes).
    Removing stm32f4xx_dac.o(i.DAC_ITConfig), (40 bytes).
    Removing stm32f4xx_dac.o(i.DAC_Init), (52 bytes).
    Removing stm32f4xx_dac.o(i.DAC_SetChannel1Data), (32 bytes).
    Removing stm32f4xx_dac.o(i.DAC_SetChannel2Data), (32 bytes).
    Removing stm32f4xx_dac.o(i.DAC_SetDualChannelData), (36 bytes).
    Removing stm32f4xx_dac.o(i.DAC_SoftwareTriggerCmd), (44 bytes).
    Removing stm32f4xx_dac.o(i.DAC_StructInit), (12 bytes).
    Removing stm32f4xx_dac.o(i.DAC_WaveGenerationCmd), (40 bytes).
    Removing stm32f4xx_dma.o(.rev16_text), (4 bytes).
    Removing stm32f4xx_dma.o(.revsh_text), (4 bytes).
    Removing stm32f4xx_dma.o(.rrx_text), (6 bytes).
    Removing stm32f4xx_dma.o(i.DMA_ClearFlag), (52 bytes).
    Removing stm32f4xx_dma.o(i.DMA_ClearITPendingBit), (52 bytes).
    Removing stm32f4xx_dma.o(i.DMA_Cmd), (22 bytes).
    Removing stm32f4xx_dma.o(i.DMA_DeInit), (344 bytes).
    Removing stm32f4xx_dma.o(i.DMA_DoubleBufferModeCmd), (22 bytes).
    Removing stm32f4xx_dma.o(i.DMA_DoubleBufferModeConfig), (24 bytes).
    Removing stm32f4xx_dma.o(i.DMA_FlowControllerConfig), (22 bytes).
    Removing stm32f4xx_dma.o(i.DMA_GetCmdStatus), (20 bytes).
    Removing stm32f4xx_dma.o(i.DMA_GetCurrDataCounter), (8 bytes).
    Removing stm32f4xx_dma.o(i.DMA_GetCurrentMemoryTarget), (20 bytes).
    Removing stm32f4xx_dma.o(i.DMA_GetFIFOStatus), (12 bytes).
    Removing stm32f4xx_dma.o(i.DMA_GetFlagStatus), (68 bytes).
    Removing stm32f4xx_dma.o(i.DMA_GetITStatus), (100 bytes).
    Removing stm32f4xx_dma.o(i.DMA_ITConfig), (58 bytes).
    Removing stm32f4xx_dma.o(i.DMA_Init), (88 bytes).
    Removing stm32f4xx_dma.o(i.DMA_MemoryTargetConfig), (10 bytes).
    Removing stm32f4xx_dma.o(i.DMA_PeriphIncOffsetSizeConfig), (22 bytes).
    Removing stm32f4xx_dma.o(i.DMA_SetCurrDataCounter), (4 bytes).
    Removing stm32f4xx_dma.o(i.DMA_StructInit), (34 bytes).
    Removing stm32f4xx_gpio.o(.rev16_text), (4 bytes).
    Removing stm32f4xx_gpio.o(.revsh_text), (4 bytes).
    Removing stm32f4xx_gpio.o(.rrx_text), (6 bytes).
    Removing stm32f4xx_gpio.o(i.GPIO_DeInit), (312 bytes).
    Removing stm32f4xx_gpio.o(i.GPIO_PinLockConfig), (34 bytes).
    Removing stm32f4xx_gpio.o(i.GPIO_ReadInputData), (8 bytes).
    Removing stm32f4xx_gpio.o(i.GPIO_ReadOutputData), (8 bytes).
    Removing stm32f4xx_gpio.o(i.GPIO_ReadOutputDataBit), (18 bytes).
    Removing stm32f4xx_gpio.o(i.GPIO_ResetBits), (4 bytes).
    Removing stm32f4xx_gpio.o(i.GPIO_SetBits), (4 bytes).
    Removing stm32f4xx_gpio.o(i.GPIO_StructInit), (18 bytes).
    Removing stm32f4xx_gpio.o(i.GPIO_ToggleBits), (8 bytes).
    Removing stm32f4xx_gpio.o(i.GPIO_Write), (4 bytes).
    Removing stm32f4xx_gpio.o(i.GPIO_WriteBit), (10 bytes).
    Removing stm32f4xx_i2c.o(.rev16_text), (4 bytes).
    Removing stm32f4xx_i2c.o(.revsh_text), (4 bytes).
    Removing stm32f4xx_i2c.o(.rrx_text), (6 bytes).
    Removing stm32f4xx_i2c.o(i.I2C_ARPCmd), (24 bytes).
    Removing stm32f4xx_i2c.o(i.I2C_AcknowledgeConfig), (24 bytes).
    Removing stm32f4xx_i2c.o(i.I2C_AnalogFilterCmd), (24 bytes).
    Removing stm32f4xx_i2c.o(i.I2C_CalculatePEC), (24 bytes).
    Removing stm32f4xx_i2c.o(i.I2C_CheckEvent), (42 bytes).
    Removing stm32f4xx_i2c.o(i.I2C_ClearFlag), (12 bytes).
    Removing stm32f4xx_i2c.o(i.I2C_ClearITPendingBit), (12 bytes).
    Removing stm32f4xx_i2c.o(i.I2C_Cmd), (24 bytes).
    Removing stm32f4xx_i2c.o(i.I2C_DMACmd), (24 bytes).
    Removing stm32f4xx_i2c.o(i.I2C_DMALastTransferCmd), (24 bytes).
    Removing stm32f4xx_i2c.o(i.I2C_DeInit), (96 bytes).
    Removing stm32f4xx_i2c.o(i.I2C_DigitalFilterConfig), (22 bytes).
    Removing stm32f4xx_i2c.o(i.I2C_DualAddressCmd), (24 bytes).
    Removing stm32f4xx_i2c.o(i.I2C_FastModeDutyCycleConfig), (28 bytes).
    Removing stm32f4xx_i2c.o(i.I2C_GeneralCallCmd), (24 bytes).
    Removing stm32f4xx_i2c.o(i.I2C_GenerateSTART), (24 bytes).
    Removing stm32f4xx_i2c.o(i.I2C_GenerateSTOP), (24 bytes).
    Removing stm32f4xx_i2c.o(i.I2C_GetFlagStatus), (58 bytes).
    Removing stm32f4xx_i2c.o(i.I2C_GetITStatus), (38 bytes).
    Removing stm32f4xx_i2c.o(i.I2C_GetLastEvent), (26 bytes).
    Removing stm32f4xx_i2c.o(i.I2C_GetPEC), (8 bytes).
    Removing stm32f4xx_i2c.o(i.I2C_ITConfig), (18 bytes).
    Removing stm32f4xx_i2c.o(i.I2C_Init), (232 bytes).
    Removing stm32f4xx_i2c.o(i.I2C_NACKPositionConfig), (28 bytes).
    Removing stm32f4xx_i2c.o(i.I2C_OwnAddress2Config), (22 bytes).
    Removing stm32f4xx_i2c.o(i.I2C_PECPositionConfig), (28 bytes).
    Removing stm32f4xx_i2c.o(i.I2C_ReadRegister), (22 bytes).
    Removing stm32f4xx_i2c.o(i.I2C_ReceiveData), (8 bytes).
    Removing stm32f4xx_i2c.o(i.I2C_SMBusAlertConfig), (28 bytes).
    Removing stm32f4xx_i2c.o(i.I2C_Send7bitAddress), (16 bytes).
    Removing stm32f4xx_i2c.o(i.I2C_SendData), (4 bytes).
    Removing stm32f4xx_i2c.o(i.I2C_SoftwareResetCmd), (22 bytes).
    Removing stm32f4xx_i2c.o(i.I2C_StretchClockCmd), (24 bytes).
    Removing stm32f4xx_i2c.o(i.I2C_StructInit), (30 bytes).
    Removing stm32f4xx_i2c.o(i.I2C_TransmitPEC), (24 bytes).
    Removing stm32f4xx_rcc.o(.rev16_text), (4 bytes).
    Removing stm32f4xx_rcc.o(.revsh_text), (4 bytes).
    Removing stm32f4xx_rcc.o(.rrx_text), (6 bytes).
    Removing stm32f4xx_rcc.o(i.RCC_AHB1PeriphClockLPModeCmd), (32 bytes).
    Removing stm32f4xx_rcc.o(i.RCC_AHB1PeriphResetCmd), (32 bytes).
    Removing stm32f4xx_rcc.o(i.RCC_AHB2PeriphClockCmd), (32 bytes).
    Removing stm32f4xx_rcc.o(i.RCC_AHB2PeriphClockLPModeCmd), (32 bytes).
    Removing stm32f4xx_rcc.o(i.RCC_AHB2PeriphResetCmd), (32 bytes).
    Removing stm32f4xx_rcc.o(i.RCC_AHB3PeriphClockCmd), (32 bytes).
    Removing stm32f4xx_rcc.o(i.RCC_AHB3PeriphClockLPModeCmd), (32 bytes).
    Removing stm32f4xx_rcc.o(i.RCC_AHB3PeriphResetCmd), (32 bytes).
    Removing stm32f4xx_rcc.o(i.RCC_APB1PeriphClockLPModeCmd), (32 bytes).
    Removing stm32f4xx_rcc.o(i.RCC_APB2PeriphClockLPModeCmd), (32 bytes).
    Removing stm32f4xx_rcc.o(i.RCC_AdjustHSICalibrationValue), (24 bytes).
    Removing stm32f4xx_rcc.o(i.RCC_BackupResetCmd), (12 bytes).
    Removing stm32f4xx_rcc.o(i.RCC_ClearFlag), (20 bytes).
    Removing stm32f4xx_rcc.o(i.RCC_ClearITPendingBit), (12 bytes).
    Removing stm32f4xx_rcc.o(i.RCC_ClockSecuritySystemCmd), (12 bytes).
    Removing stm32f4xx_rcc.o(i.RCC_DeInit), (100 bytes).
    Removing stm32f4xx_rcc.o(i.RCC_GetFlagStatus), (64 bytes).
    Removing stm32f4xx_rcc.o(i.RCC_GetITStatus), (24 bytes).
    Removing stm32f4xx_rcc.o(i.RCC_GetSYSCLKSource), (16 bytes).
    Removing stm32f4xx_rcc.o(i.RCC_HCLKConfig), (24 bytes).
    Removing stm32f4xx_rcc.o(i.RCC_HSEConfig), (16 bytes).
    Removing stm32f4xx_rcc.o(i.RCC_HSICmd), (12 bytes).
    Removing stm32f4xx_rcc.o(i.RCC_I2SCLKConfig), (12 bytes).
    Removing stm32f4xx_rcc.o(i.RCC_ITConfig), (32 bytes).
    Removing stm32f4xx_rcc.o(i.RCC_LSEConfig), (44 bytes).
    Removing stm32f4xx_rcc.o(i.RCC_LSICmd), (12 bytes).
    Removing stm32f4xx_rcc.o(i.RCC_LTDCCLKDivConfig), (24 bytes).
    Removing stm32f4xx_rcc.o(i.RCC_MCO1Config), (28 bytes).
    Removing stm32f4xx_rcc.o(i.RCC_MCO2Config), (28 bytes).
    Removing stm32f4xx_rcc.o(i.RCC_PCLK1Config), (24 bytes).
    Removing stm32f4xx_rcc.o(i.RCC_PCLK2Config), (24 bytes).
    Removing stm32f4xx_rcc.o(i.RCC_PLLCmd), (12 bytes).
    Removing stm32f4xx_rcc.o(i.RCC_PLLConfig), (36 bytes).
    Removing stm32f4xx_rcc.o(i.RCC_PLLI2SCmd), (12 bytes).
    Removing stm32f4xx_rcc.o(i.RCC_PLLI2SConfig), (16 bytes).
    Removing stm32f4xx_rcc.o(i.RCC_PLLSAICmd), (12 bytes).
    Removing stm32f4xx_rcc.o(i.RCC_PLLSAIConfig), (24 bytes).
    Removing stm32f4xx_rcc.o(i.RCC_RTCCLKCmd), (12 bytes).
    Removing stm32f4xx_rcc.o(i.RCC_RTCCLKConfig), (60 bytes).
    Removing stm32f4xx_rcc.o(i.RCC_SAIBlockACLKConfig), (24 bytes).
    Removing stm32f4xx_rcc.o(i.RCC_SAIBlockBCLKConfig), (24 bytes).
    Removing stm32f4xx_rcc.o(i.RCC_SAIPLLI2SClkDivConfig), (28 bytes).
    Removing stm32f4xx_rcc.o(i.RCC_SAIPLLSAIClkDivConfig), (28 bytes).
    Removing stm32f4xx_rcc.o(i.RCC_SYSCLKConfig), (24 bytes).
    Removing stm32f4xx_rcc.o(i.RCC_TIMCLKPresConfig), (12 bytes).
    Removing stm32f4xx_rcc.o(i.RCC_WaitForHSEStartUp), (56 bytes).
    Removing stm32f4xx_spi.o(.rev16_text), (4 bytes).
    Removing stm32f4xx_spi.o(.revsh_text), (4 bytes).
    Removing stm32f4xx_spi.o(.rrx_text), (6 bytes).
    Removing stm32f4xx_spi.o(i.I2S_Cmd), (24 bytes).
    Removing stm32f4xx_spi.o(i.I2S_FullDuplexConfig), (80 bytes).
    Removing stm32f4xx_spi.o(i.I2S_Init), (360 bytes).
    Removing stm32f4xx_spi.o(i.I2S_StructInit), (20 bytes).
    Removing stm32f4xx_spi.o(i.SPI_BiDirectionalLineConfig), (28 bytes).
    Removing stm32f4xx_spi.o(i.SPI_CalculateCRC), (24 bytes).
    Removing stm32f4xx_spi.o(i.SPI_Cmd), (24 bytes).
    Removing stm32f4xx_spi.o(i.SPI_DataSizeConfig), (18 bytes).
    Removing stm32f4xx_spi.o(i.SPI_GetCRC), (16 bytes).
    Removing stm32f4xx_spi.o(i.SPI_GetCRCPolynomial), (6 bytes).
    Removing stm32f4xx_spi.o(i.SPI_I2S_ClearFlag), (6 bytes).
    Removing stm32f4xx_spi.o(i.SPI_I2S_ClearITPendingBit), (20 bytes).
    Removing stm32f4xx_spi.o(i.SPI_I2S_DMACmd), (18 bytes).
    Removing stm32f4xx_spi.o(i.SPI_I2S_DeInit), (176 bytes).
    Removing stm32f4xx_spi.o(i.SPI_I2S_GetFlagStatus), (18 bytes).
    Removing stm32f4xx_spi.o(i.SPI_I2S_GetITStatus), (52 bytes).
    Removing stm32f4xx_spi.o(i.SPI_I2S_ITConfig), (32 bytes).
    Removing stm32f4xx_spi.o(i.SPI_I2S_ReceiveData), (6 bytes).
    Removing stm32f4xx_spi.o(i.SPI_I2S_SendData), (4 bytes).
    Removing stm32f4xx_spi.o(i.SPI_Init), (60 bytes).
    Removing stm32f4xx_spi.o(i.SPI_NSSInternalSoftwareConfig), (30 bytes).
    Removing stm32f4xx_spi.o(i.SPI_SSOutputCmd), (24 bytes).
    Removing stm32f4xx_spi.o(i.SPI_StructInit), (24 bytes).
    Removing stm32f4xx_spi.o(i.SPI_TIModeCmd), (24 bytes).
    Removing stm32f4xx_spi.o(i.SPI_TransmitCRC), (10 bytes).
    Removing stm32f4xx_tim.o(.rev16_text), (4 bytes).
    Removing stm32f4xx_tim.o(.revsh_text), (4 bytes).
    Removing stm32f4xx_tim.o(.rrx_text), (6 bytes).
    Removing stm32f4xx_tim.o(i.TIM_BDTRConfig), (32 bytes).
    Removing stm32f4xx_tim.o(i.TIM_BDTRStructInit), (18 bytes).
    Removing stm32f4xx_tim.o(i.TIM_CCPreloadControl), (24 bytes).
    Removing stm32f4xx_tim.o(i.TIM_CCxCmd), (30 bytes).
    Removing stm32f4xx_tim.o(i.TIM_CCxNCmd), (30 bytes).
    Removing stm32f4xx_tim.o(i.TIM_ClearOC1Ref), (18 bytes).
    Removing stm32f4xx_tim.o(i.TIM_ClearOC2Ref), (24 bytes).
    Removing stm32f4xx_tim.o(i.TIM_ClearOC3Ref), (18 bytes).
    Removing stm32f4xx_tim.o(i.TIM_ClearOC4Ref), (24 bytes).
    Removing stm32f4xx_tim.o(i.TIM_CounterModeConfig), (18 bytes).
    Removing stm32f4xx_tim.o(i.TIM_DMACmd), (18 bytes).
    Removing stm32f4xx_tim.o(i.TIM_DMAConfig), (10 bytes).
    Removing stm32f4xx_tim.o(i.TIM_ETRClockMode1Config), (54 bytes).
    Removing stm32f4xx_tim.o(i.TIM_ETRClockMode2Config), (32 bytes).
    Removing stm32f4xx_tim.o(i.TIM_ETRConfig), (28 bytes).
    Removing stm32f4xx_tim.o(i.TIM_ForcedOC1Config), (18 bytes).
    Removing stm32f4xx_tim.o(i.TIM_ForcedOC2Config), (26 bytes).
    Removing stm32f4xx_tim.o(i.TIM_ForcedOC3Config), (18 bytes).
    Removing stm32f4xx_tim.o(i.TIM_ForcedOC4Config), (26 bytes).
    Removing stm32f4xx_tim.o(i.TIM_GenerateEvent), (4 bytes).
    Removing stm32f4xx_tim.o(i.TIM_GetCapture1), (6 bytes).
    Removing stm32f4xx_tim.o(i.TIM_GetCapture2), (6 bytes).
    Removing stm32f4xx_tim.o(i.TIM_GetCapture3), (6 bytes).
    Removing stm32f4xx_tim.o(i.TIM_GetCapture4), (6 bytes).
    Removing stm32f4xx_tim.o(i.TIM_GetFlagStatus), (18 bytes).
    Removing stm32f4xx_tim.o(i.TIM_GetPrescaler), (6 bytes).
    Removing stm32f4xx_tim.o(i.TIM_ICStructInit), (18 bytes).
    Removing stm32f4xx_tim.o(i.TIM_ITRxExternalClockConfig), (24 bytes).
    Removing stm32f4xx_tim.o(i.TIM_InternalClockConfig), (12 bytes).
    Removing stm32f4xx_tim.o(i.TIM_OC1FastConfig), (18 bytes).
    Removing stm32f4xx_tim.o(i.TIM_OC1NPolarityConfig), (18 bytes).
    Removing stm32f4xx_tim.o(i.TIM_OC1PolarityConfig), (18 bytes).
    Removing stm32f4xx_tim.o(i.TIM_OC1PreloadConfig), (18 bytes).
    Removing stm32f4xx_tim.o(i.TIM_OC2FastConfig), (26 bytes).
    Removing stm32f4xx_tim.o(i.TIM_OC2NPolarityConfig), (26 bytes).
    Removing stm32f4xx_tim.o(i.TIM_OC2PolarityConfig), (26 bytes).
    Removing stm32f4xx_tim.o(i.TIM_OC3FastConfig), (18 bytes).
    Removing stm32f4xx_tim.o(i.TIM_OC3Init), (160 bytes).
    Removing stm32f4xx_tim.o(i.TIM_OC3NPolarityConfig), (26 bytes).
    Removing stm32f4xx_tim.o(i.TIM_OC3PolarityConfig), (26 bytes).
    Removing stm32f4xx_tim.o(i.TIM_OC3PreloadConfig), (18 bytes).
    Removing stm32f4xx_tim.o(i.TIM_OC4FastConfig), (26 bytes).
    Removing stm32f4xx_tim.o(i.TIM_OC4Init), (120 bytes).
    Removing stm32f4xx_tim.o(i.TIM_OC4PolarityConfig), (26 bytes).
    Removing stm32f4xx_tim.o(i.TIM_OC4PreloadConfig), (26 bytes).
    Removing stm32f4xx_tim.o(i.TIM_OCStructInit), (20 bytes).
    Removing stm32f4xx_tim.o(i.TIM_PWMIConfig), (124 bytes).
    Removing stm32f4xx_tim.o(i.TIM_PrescalerConfig), (6 bytes).
    Removing stm32f4xx_tim.o(i.TIM_RemapConfig), (6 bytes).
    Removing stm32f4xx_tim.o(i.TIM_SelectCCDMA), (24 bytes).
    Removing stm32f4xx_tim.o(i.TIM_SelectCOM), (24 bytes).
    Removing stm32f4xx_tim.o(i.TIM_SelectHallSensor), (24 bytes).
    Removing stm32f4xx_tim.o(i.TIM_SelectInputTrigger), (18 bytes).
    Removing stm32f4xx_tim.o(i.TIM_SelectMasterSlaveMode), (18 bytes).
    Removing stm32f4xx_tim.o(i.TIM_SelectOCxM), (86 bytes).
    Removing stm32f4xx_tim.o(i.TIM_SelectOnePulseMode), (18 bytes).
    Removing stm32f4xx_tim.o(i.TIM_SelectOutputTrigger), (18 bytes).
    Removing stm32f4xx_tim.o(i.TIM_SelectSlaveMode), (18 bytes).
    Removing stm32f4xx_tim.o(i.TIM_SetAutoreload), (4 bytes).
    Removing stm32f4xx_tim.o(i.TIM_SetClockDivision), (18 bytes).
    Removing stm32f4xx_tim.o(i.TIM_SetCompare1), (4 bytes).
    Removing stm32f4xx_tim.o(i.TIM_SetCompare2), (4 bytes).
    Removing stm32f4xx_tim.o(i.TIM_SetCompare3), (4 bytes).
    Removing stm32f4xx_tim.o(i.TIM_SetCompare4), (4 bytes).
    Removing stm32f4xx_tim.o(i.TIM_TIxExternalClockConfig), (62 bytes).
    Removing stm32f4xx_tim.o(i.TIM_UpdateDisableConfig), (24 bytes).
    Removing stm32f4xx_tim.o(i.TIM_UpdateRequestConfig), (24 bytes).
    Removing stm32f4xx_usart.o(.rev16_text), (4 bytes).
    Removing stm32f4xx_usart.o(.revsh_text), (4 bytes).
    Removing stm32f4xx_usart.o(.rrx_text), (6 bytes).
    Removing stm32f4xx_usart.o(i.USART_ClearFlag), (18 bytes).
    Removing stm32f4xx_usart.o(i.USART_ClearITPendingBit), (30 bytes).
    Removing stm32f4xx_usart.o(i.USART_ClockInit), (32 bytes).
    Removing stm32f4xx_usart.o(i.USART_ClockStructInit), (12 bytes).
    Removing stm32f4xx_usart.o(i.USART_DMACmd), (18 bytes).
    Removing stm32f4xx_usart.o(i.USART_DeInit), (240 bytes).
    Removing stm32f4xx_usart.o(i.USART_HalfDuplexCmd), (24 bytes).
    Removing stm32f4xx_usart.o(i.USART_IrDACmd), (24 bytes).
    Removing stm32f4xx_usart.o(i.USART_IrDAConfig), (18 bytes).
    Removing stm32f4xx_usart.o(i.USART_LINBreakDetectLengthConfig), (18 bytes).
    Removing stm32f4xx_usart.o(i.USART_LINCmd), (24 bytes).
    Removing stm32f4xx_usart.o(i.USART_OneBitMethodCmd), (24 bytes).
    Removing stm32f4xx_usart.o(i.USART_OverSampling8Cmd), (22 bytes).
    Removing stm32f4xx_usart.o(i.USART_ReceiveData), (10 bytes).
    Removing stm32f4xx_usart.o(i.USART_ReceiverWakeUpCmd), (24 bytes).
    Removing stm32f4xx_usart.o(i.USART_SendBreak), (10 bytes).
    Removing stm32f4xx_usart.o(i.USART_SetAddress), (18 bytes).
    Removing stm32f4xx_usart.o(i.USART_SetGuardTime), (16 bytes).
    Removing stm32f4xx_usart.o(i.USART_SetPrescaler), (16 bytes).
    Removing stm32f4xx_usart.o(i.USART_SmartCardCmd), (24 bytes).
    Removing stm32f4xx_usart.o(i.USART_SmartCardNACKCmd), (24 bytes).
    Removing stm32f4xx_usart.o(i.USART_StructInit), (24 bytes).
    Removing stm32f4xx_usart.o(i.USART_WakeUpConfig), (18 bytes).
    Removing startup_stm32f40_41xxx.o(HEAP), (512 bytes).
    Removing system_stm32f4xx.o(.rev16_text), (4 bytes).
    Removing system_stm32f4xx.o(.revsh_text), (4 bytes).
    Removing system_stm32f4xx.o(.rrx_text), (6 bytes).
    Removing system_stm32f4xx.o(i.SystemCoreClockUpdate), (192 bytes).
    Removing system_stm32f4xx.o(.data), (20 bytes).

362 unused section(s) (total 10359 bytes) removed from the image.

==============================================================================

Image Symbol Table

    Local Symbols

    Symbol Name                              Value     Ov Type        Size  Object(Section)

    ../clib/microlib/init/entry.s            0x00000000   Number         0  entry10b.o ABSOLUTE
    ../clib/microlib/init/entry.s            0x00000000   Number         0  entry10a.o ABSOLUTE
    ../clib/microlib/init/entry.s            0x00000000   Number         0  entry11b.o ABSOLUTE
    ../clib/microlib/init/entry.s            0x00000000   Number         0  entry9b.o ABSOLUTE
    ../clib/microlib/init/entry.s            0x00000000   Number         0  entry5.o ABSOLUTE
    ../clib/microlib/init/entry.s            0x00000000   Number         0  entry.o ABSOLUTE
    ../clib/microlib/init/entry.s            0x00000000   Number         0  entry2.o ABSOLUTE
    ../clib/microlib/init/entry.s            0x00000000   Number         0  entry11a.o ABSOLUTE
    ../clib/microlib/init/entry.s            0x00000000   Number         0  entry9a.o ABSOLUTE
    ../clib/microlib/init/entry.s            0x00000000   Number         0  entry7a.o ABSOLUTE
    ../clib/microlib/init/entry.s            0x00000000   Number         0  entry8a.o ABSOLUTE
    ../clib/microlib/init/entry.s            0x00000000   Number         0  entry7b.o ABSOLUTE
    ../clib/microlib/init/entry.s            0x00000000   Number         0  entry8b.o ABSOLUTE
    C:\Keil_v5\ARM\PACK\Keil\STM32F4xx_DFP\1.0.8\Device\StdPeriph_Driver\src\misc.c 0x00000000   Number         0  misc.o ABSOLUTE
    C:\Keil_v5\ARM\PACK\Keil\STM32F4xx_DFP\1.0.8\Device\StdPeriph_Driver\src\stm32f4xx_adc.c 0x00000000   Number         0  stm32f4xx_adc.o ABSOLUTE
    C:\Keil_v5\ARM\PACK\Keil\STM32F4xx_DFP\1.0.8\Device\StdPeriph_Driver\src\stm32f4xx_dac.c 0x00000000   Number         0  stm32f4xx_dac.o ABSOLUTE
    C:\Keil_v5\ARM\PACK\Keil\STM32F4xx_DFP\1.0.8\Device\StdPeriph_Driver\src\stm32f4xx_dma.c 0x00000000   Number         0  stm32f4xx_dma.o ABSOLUTE
    C:\Keil_v5\ARM\PACK\Keil\STM32F4xx_DFP\1.0.8\Device\StdPeriph_Driver\src\stm32f4xx_gpio.c 0x00000000   Number         0  stm32f4xx_gpio.o ABSOLUTE
    C:\Keil_v5\ARM\PACK\Keil\STM32F4xx_DFP\1.0.8\Device\StdPeriph_Driver\src\stm32f4xx_i2c.c 0x00000000   Number         0  stm32f4xx_i2c.o ABSOLUTE
    C:\Keil_v5\ARM\PACK\Keil\STM32F4xx_DFP\1.0.8\Device\StdPeriph_Driver\src\stm32f4xx_rcc.c 0x00000000   Number         0  stm32f4xx_rcc.o ABSOLUTE
    C:\Keil_v5\ARM\PACK\Keil\STM32F4xx_DFP\1.0.8\Device\StdPeriph_Driver\src\stm32f4xx_spi.c 0x00000000   Number         0  stm32f4xx_spi.o ABSOLUTE
    C:\Keil_v5\ARM\PACK\Keil\STM32F4xx_DFP\1.0.8\Device\StdPeriph_Driver\src\stm32f4xx_tim.c 0x00000000   Number         0  stm32f4xx_tim.o ABSOLUTE
    C:\Keil_v5\ARM\PACK\Keil\STM32F4xx_DFP\1.0.8\Device\StdPeriph_Driver\src\stm32f4xx_usart.c 0x00000000   Number         0  stm32f4xx_usart.o ABSOLUTE
    C:\\Keil_v5\\ARM\\PACK\\Keil\\STM32F4xx_DFP\\1.0.8\\Device\\StdPeriph_Driver\\src\\misc.c 0x00000000   Number         0  misc.o ABSOLUTE
    C:\\Keil_v5\\ARM\\PACK\\Keil\\STM32F4xx_DFP\\1.0.8\\Device\\StdPeriph_Driver\\src\\stm32f4xx_adc.c 0x00000000   Number         0  stm32f4xx_adc.o ABSOLUTE
    C:\\Keil_v5\\ARM\\PACK\\Keil\\STM32F4xx_DFP\\1.0.8\\Device\\StdPeriph_Driver\\src\\stm32f4xx_dac.c 0x00000000   Number         0  stm32f4xx_dac.o ABSOLUTE
    C:\\Keil_v5\\ARM\\PACK\\Keil\\STM32F4xx_DFP\\1.0.8\\Device\\StdPeriph_Driver\\src\\stm32f4xx_dma.c 0x00000000   Number         0  stm32f4xx_dma.o ABSOLUTE
    C:\\Keil_v5\\ARM\\PACK\\Keil\\STM32F4xx_DFP\\1.0.8\\Device\\StdPeriph_Driver\\src\\stm32f4xx_gpio.c 0x00000000   Number         0  stm32f4xx_gpio.o ABSOLUTE
    C:\\Keil_v5\\ARM\\PACK\\Keil\\STM32F4xx_DFP\\1.0.8\\Device\\StdPeriph_Driver\\src\\stm32f4xx_i2c.c 0x00000000   Number         0  stm32f4xx_i2c.o ABSOLUTE
    C:\\Keil_v5\\ARM\\PACK\\Keil\\STM32F4xx_DFP\\1.0.8\\Device\\StdPeriph_Driver\\src\\stm32f4xx_rcc.c 0x00000000   Number         0  stm32f4xx_rcc.o ABSOLUTE
    C:\\Keil_v5\\ARM\\PACK\\Keil\\STM32F4xx_DFP\\1.0.8\\Device\\StdPeriph_Driver\\src\\stm32f4xx_spi.c 0x00000000   Number         0  stm32f4xx_spi.o ABSOLUTE
    C:\\Keil_v5\\ARM\\PACK\\Keil\\STM32F4xx_DFP\\1.0.8\\Device\\StdPeriph_Driver\\src\\stm32f4xx_tim.c 0x00000000   Number         0  stm32f4xx_tim.o ABSOLUTE
    C:\\Keil_v5\\ARM\\PACK\\Keil\\STM32F4xx_DFP\\1.0.8\\Device\\StdPeriph_Driver\\src\\stm32f4xx_usart.c 0x00000000   Number         0  stm32f4xx_usart.o ABSOLUTE
    RTE\Device\STM32F407ZE\startup_stm32f40_41xxx.s 0x00000000   Number         0  startup_stm32f40_41xxx.o ABSOLUTE
    RTE\Device\STM32F407ZE\system_stm32f4xx.c 0x00000000   Number         0  system_stm32f4xx.o ABSOLUTE
    RTE\\Device\\STM32F407ZE\\system_stm32f4xx.c 0x00000000   Number         0  system_stm32f4xx.o ABSOLUTE
    USER\PID\PID.c                           0x00000000   Number         0  pid.o ABSOLUTE
    USER\\PID\\PID.c                         0x00000000   Number         0  pid.o ABSOLUTE
    USER\\auto_send_receive_data\\auto_receive_send_data.c 0x00000000   Number         0  auto_receive_send_data.o ABSOLUTE
    USER\\bluetooth\\bluetooth.c             0x00000000   Number         0  bluetooth.o ABSOLUTE
    USER\\delay\\delay.c                     0x00000000   Number         0  delay.o ABSOLUTE
    USER\\encoder\\encoder.c                 0x00000000   Number         0  encoder.o ABSOLUTE
    USER\\infrared\\infrared.c               0x00000000   Number         0  infrared.o ABSOLUTE
    USER\\main\\main.c                       0x00000000   Number         0  main.o ABSOLUTE
    USER\\motor\\motor.c                     0x00000000   Number         0  motor.o ABSOLUTE
    USER\\send_data\\send_data.c             0x00000000   Number         0  send_data.o ABSOLUTE
    USER\\status\\status.c                   0x00000000   Number         0  status.o ABSOLUTE
    USER\\steer\\steer.c                     0x00000000   Number         0  steer.o ABSOLUTE
    USER\auto_send_receive_data\auto_receive_send_data.c 0x00000000   Number         0  auto_receive_send_data.o ABSOLUTE
    USER\bluetooth\bluetooth.c               0x00000000   Number         0  bluetooth.o ABSOLUTE
    USER\delay\delay.c                       0x00000000   Number         0  delay.o ABSOLUTE
    USER\encoder\encoder.c                   0x00000000   Number         0  encoder.o ABSOLUTE
    USER\infrared\infrared.c                 0x00000000   Number         0  infrared.o ABSOLUTE
    USER\main\main.c                         0x00000000   Number         0  main.o ABSOLUTE
    USER\motor\motor.c                       0x00000000   Number         0  motor.o ABSOLUTE
    USER\send_data\send_data.c               0x00000000   Number         0  send_data.o ABSOLUTE
    USER\status\status.c                     0x00000000   Number         0  status.o ABSOLUTE
    USER\steer\steer.c                       0x00000000   Number         0  steer.o ABSOLUTE
    dc.s                                     0x00000000   Number         0  dc.o ABSOLUTE
    handlers.s                               0x00000000   Number         0  handlers.o ABSOLUTE
    init.s                                   0x00000000   Number         0  init.o ABSOLUTE
    RESET                                    0x08000000   Section      392  startup_stm32f40_41xxx.o(RESET)
    .ARM.Collect$$$$00000000                 0x08000188   Section        0  entry.o(.ARM.Collect$$$$00000000)
    .ARM.Collect$$$$00000001                 0x08000188   Section        4  entry2.o(.ARM.Collect$$$$00000001)
    .ARM.Collect$$$$00000004                 0x0800018c   Section        4  entry5.o(.ARM.Collect$$$$00000004)
    .ARM.Collect$$$$00000008                 0x08000190   Section        0  entry7b.o(.ARM.Collect$$$$00000008)
    .ARM.Collect$$$$0000000A                 0x08000190   Section        0  entry8b.o(.ARM.Collect$$$$0000000A)
    .ARM.Collect$$$$0000000B                 0x08000190   Section        8  entry9a.o(.ARM.Collect$$$$0000000B)
    .ARM.Collect$$$$0000000D                 0x08000198   Section        0  entry10a.o(.ARM.Collect$$$$0000000D)
    .ARM.Collect$$$$0000000F                 0x08000198   Section        0  entry11a.o(.ARM.Collect$$$$0000000F)
    .ARM.Collect$$$$00002712                 0x08000198   Section        4  entry2.o(.ARM.Collect$$$$00002712)
    __lit__00000000                          0x08000198   Data           4  entry2.o(.ARM.Collect$$$$00002712)
    .text                                    0x0800019c   Section       36  startup_stm32f40_41xxx.o(.text)
    $v0                                      0x0800019c   Number         0  startup_stm32f40_41xxx.o(.text)
    .text                                    0x080001c0   Section       36  init.o(.text)
    i.ARSD_Init                              0x080001e4   Section        0  auto_receive_send_data.o(i.ARSD_Init)
    i.ARSD_NVIC_Config                       0x080001f0   Section        0  auto_receive_send_data.o(i.ARSD_NVIC_Config)
    i.ARSD_TIM7_Config                       0x08000214   Section        0  auto_receive_send_data.o(i.ARSD_TIM7_Config)
    i.Data_Send_PID                          0x08000258   Section        0  send_data.o(i.Data_Send_PID)
    i.Data_Send_PWM                          0x08000448   Section        0  send_data.o(i.Data_Send_PWM)
    i.Data_Send_Position                     0x0800050c   Section        0  send_data.o(i.Data_Send_Position)
    i.Data_Send_Speed                        0x08000558   Section        0  send_data.o(i.Data_Send_Speed)
    i.GPIO_Init                              0x08000610   Section        0  stm32f4xx_gpio.o(i.GPIO_Init)
    i.GPIO_PinAFConfig                       0x080006a0   Section        0  stm32f4xx_gpio.o(i.GPIO_PinAFConfig)
    i.GPIO_ReadInputDataBit                  0x080006e6   Section        0  stm32f4xx_gpio.o(i.GPIO_ReadInputDataBit)
    i.Init_Encoder                           0x080006f8   Section        0  encoder.o(i.Init_Encoder)
    i.NVIC_Init                              0x08000708   Section        0  misc.o(i.NVIC_Init)
    i.NVIC_PriorityGroupConfig               0x08000780   Section        0  misc.o(i.NVIC_PriorityGroupConfig)
    i.Parameter_Init                         0x08000794   Section        0  pid.o(i.Parameter_Init)
    i.RCC_AHB1PeriphClockCmd                 0x080007a0   Section        0  stm32f4xx_rcc.o(i.RCC_AHB1PeriphClockCmd)
    i.RCC_APB1PeriphClockCmd                 0x080007c0   Section        0  stm32f4xx_rcc.o(i.RCC_APB1PeriphClockCmd)
    i.RCC_APB1PeriphResetCmd                 0x080007e0   Section        0  stm32f4xx_rcc.o(i.RCC_APB1PeriphResetCmd)
    i.RCC_APB2PeriphClockCmd                 0x08000800   Section        0  stm32f4xx_rcc.o(i.RCC_APB2PeriphClockCmd)
    i.RCC_APB2PeriphResetCmd                 0x08000820   Section        0  stm32f4xx_rcc.o(i.RCC_APB2PeriphResetCmd)
    i.RCC_GetClocksFreq                      0x08000840   Section        0  stm32f4xx_rcc.o(i.RCC_GetClocksFreq)
    i.SetSysClock                            0x08000928   Section        0  system_stm32f4xx.o(i.SetSysClock)
    SetSysClock                              0x08000929   Thumb Code   220  system_stm32f4xx.o(i.SetSysClock)
    i.SysTick_CLKSourceConfig                0x08000a14   Section        0  misc.o(i.SysTick_CLKSourceConfig)
    i.SystemInit                             0x08000a3c   Section        0  system_stm32f4xx.o(i.SystemInit)
    i.TI1_Config                             0x08000aa4   Section        0  stm32f4xx_tim.o(i.TI1_Config)
    TI1_Config                               0x08000aa5   Thumb Code    58  stm32f4xx_tim.o(i.TI1_Config)
    i.TI2_Config                             0x08000ade   Section        0  stm32f4xx_tim.o(i.TI2_Config)
    TI2_Config                               0x08000adf   Thumb Code    80  stm32f4xx_tim.o(i.TI2_Config)
    i.TI3_Config                             0x08000b2e   Section        0  stm32f4xx_tim.o(i.TI3_Config)
    TI3_Config                               0x08000b2f   Thumb Code    72  stm32f4xx_tim.o(i.TI3_Config)
    i.TI4_Config                             0x08000b76   Section        0  stm32f4xx_tim.o(i.TI4_Config)
    TI4_Config                               0x08000b77   Thumb Code    80  stm32f4xx_tim.o(i.TI4_Config)
    i.TIM2_IRQHandler                        0x08000bc8   Section        0  encoder.o(i.TIM2_IRQHandler)
    i.TIM2_Init                              0x08000c44   Section        0  encoder.o(i.TIM2_Init)
    i.TIM3_IRQHandler                        0x08000ca4   Section        0  encoder.o(i.TIM3_IRQHandler)
    i.TIM3_Init                              0x08000cf0   Section        0  encoder.o(i.TIM3_Init)
    i.TIM4_IRQHandler                        0x08000e08   Section        0  encoder.o(i.TIM4_IRQHandler)
    i.TIM4_Init                              0x08000e54   Section        0  encoder.o(i.TIM4_Init)
    i.TIM5_IRQHandler                        0x08000f40   Section        0  pid.o(i.TIM5_IRQHandler)
    i.TIM6_DAC_IRQHandler                    0x080010f4   Section        0  infrared.o(i.TIM6_DAC_IRQHandler)
    i.TIM7_IRQHandler                        0x08001188   Section        0  auto_receive_send_data.o(i.TIM7_IRQHandler)
    i.TIM_ARRPreloadConfig                   0x080011b4   Section        0  stm32f4xx_tim.o(i.TIM_ARRPreloadConfig)
    i.TIM_ClearFlag                          0x080011cc   Section        0  stm32f4xx_tim.o(i.TIM_ClearFlag)
    i.TIM_ClearITPendingBit                  0x080011d2   Section        0  stm32f4xx_tim.o(i.TIM_ClearITPendingBit)
    i.TIM_Cmd                                0x080011d8   Section        0  stm32f4xx_tim.o(i.TIM_Cmd)
    i.TIM_CtrlPWMOutputs                     0x080011f0   Section        0  stm32f4xx_tim.o(i.TIM_CtrlPWMOutputs)
    i.TIM_DeInit                             0x08001210   Section        0  stm32f4xx_tim.o(i.TIM_DeInit)
    i.TIM_EncoderInterfaceConfig             0x080013a0   Section        0  stm32f4xx_tim.o(i.TIM_EncoderInterfaceConfig)
    i.TIM_GetCounter                         0x080013e2   Section        0  stm32f4xx_tim.o(i.TIM_GetCounter)
    i.TIM_GetITStatus                        0x080013e8   Section        0  stm32f4xx_tim.o(i.TIM_GetITStatus)
    i.TIM_ICInit                             0x0800140a   Section        0  stm32f4xx_tim.o(i.TIM_ICInit)
    i.TIM_ITConfig                           0x08001478   Section        0  stm32f4xx_tim.o(i.TIM_ITConfig)
    i.TIM_OC1Init                            0x0800148c   Section        0  stm32f4xx_tim.o(i.TIM_OC1Init)
    i.TIM_OC2Init                            0x08001508   Section        0  stm32f4xx_tim.o(i.TIM_OC2Init)
    i.TIM_OC2PreloadConfig                   0x080015ac   Section        0  stm32f4xx_tim.o(i.TIM_OC2PreloadConfig)
    i.TIM_SetCounter                         0x080015c6   Section        0  stm32f4xx_tim.o(i.TIM_SetCounter)
    i.TIM_SetIC1Prescaler                    0x080015ca   Section        0  stm32f4xx_tim.o(i.TIM_SetIC1Prescaler)
    i.TIM_SetIC2Prescaler                    0x080015dc   Section        0  stm32f4xx_tim.o(i.TIM_SetIC2Prescaler)
    i.TIM_SetIC3Prescaler                    0x080015f6   Section        0  stm32f4xx_tim.o(i.TIM_SetIC3Prescaler)
    i.TIM_SetIC4Prescaler                    0x08001608   Section        0  stm32f4xx_tim.o(i.TIM_SetIC4Prescaler)
    i.TIM_TimeBaseInit                       0x08001624   Section        0  stm32f4xx_tim.o(i.TIM_TimeBaseInit)
    i.TIM_TimeBaseStructInit                 0x080016a8   Section        0  stm32f4xx_tim.o(i.TIM_TimeBaseStructInit)
    i.USART1_IRQHandler                      0x080016bc   Section        0  bluetooth.o(i.USART1_IRQHandler)
    i.USART_Cmd                              0x080016f4   Section        0  stm32f4xx_usart.o(i.USART_Cmd)
    i.USART_GetFlagStatus                    0x0800170c   Section        0  stm32f4xx_usart.o(i.USART_GetFlagStatus)
    i.USART_GetITStatus                      0x08001726   Section        0  stm32f4xx_usart.o(i.USART_GetITStatus)
    i.USART_ITConfig                         0x0800177a   Section        0  stm32f4xx_usart.o(i.USART_ITConfig)
    i.USART_Init                             0x080017c4   Section        0  stm32f4xx_usart.o(i.USART_Init)
    i.USART_SendData                         0x08001898   Section        0  stm32f4xx_usart.o(i.USART_SendData)
    i.Uart1_Put_Buf                          0x080018a0   Section        0  bluetooth.o(i.Uart1_Put_Buf)
    i.__scatterload_copy                     0x080018d4   Section       14  handlers.o(i.__scatterload_copy)
    i.__scatterload_null                     0x080018e2   Section        2  handlers.o(i.__scatterload_null)
    i.__scatterload_zeroinit                 0x080018e4   Section       14  handlers.o(i.__scatterload_zeroinit)
    i.bluetooth_GPIO_Config                  0x080018f4   Section        0  bluetooth.o(i.bluetooth_GPIO_Config)
    i.bluetooth_Init                         0x08001948   Section        0  bluetooth.o(i.bluetooth_Init)
    i.bluetooth_NVIC_Config                  0x08001958   Section        0  bluetooth.o(i.bluetooth_NVIC_Config)
    i.bluetooth_USART_Config                 0x08001978   Section        0  bluetooth.o(i.bluetooth_USART_Config)
    i.delay_Init                             0x080019c4   Section        0  delay.o(i.delay_Init)
    i.infrared_GPIO_Config                   0x08001a00   Section        0  infrared.o(i.infrared_GPIO_Config)
    i.infrared_Init                          0x08001a2c   Section        0  infrared.o(i.infrared_Init)
    i.infrared_NVIC_Config                   0x08001a3c   Section        0  infrared.o(i.infrared_NVIC_Config)
    i.infrared_TIM6_Config                   0x08001a64   Section        0  infrared.o(i.infrared_TIM6_Config)
    i.infrared_data_read                     0x08001aa8   Section        0  infrared.o(i.infrared_data_read)
    i.main                                   0x08001b0c   Section        0  main.o(i.main)
    i.motor_GPIO_Config                      0x08001b34   Section        0  motor.o(i.motor_GPIO_Config)
    motor_GPIO_Config                        0x08001b35   Thumb Code   128  motor.o(i.motor_GPIO_Config)
    i.motor_Init                             0x08001bc0   Section        0  motor.o(i.motor_Init)
    i.motor_Mode_Config                      0x08001bcc   Section        0  motor.o(i.motor_Mode_Config)
    motor_Mode_Config                        0x08001bcd   Thumb Code   128  motor.o(i.motor_Mode_Config)
    i.motor_Parameter                        0x08001c50   Section        0  motor.o(i.motor_Parameter)
    i.parameter_Mode_Config                  0x08001cb8   Section        0  pid.o(i.parameter_Mode_Config)
    i.parameter_NVIC_Config                  0x08001cf8   Section        0  pid.o(i.parameter_NVIC_Config)
    i.steer_GPIO_Config                      0x08001d1c   Section        0  steer.o(i.steer_GPIO_Config)
    steer_GPIO_Config                        0x08001d1d   Thumb Code    52  steer.o(i.steer_GPIO_Config)
    i.steer_Init                             0x08001d54   Section        0  steer.o(i.steer_Init)
    i.steer_Mode_Config                      0x08001d60   Section        0  steer.o(i.steer_Mode_Config)
    steer_Mode_Config                        0x08001d61   Thumb Code   110  steer.o(i.steer_Mode_Config)
    i.steer_PWM                              0x08001dd4   Section        0  steer.o(i.steer_PWM)
    i.steer_Parameter                        0x08001ddc   Section        0  steer.o(i.steer_Parameter)
    .data                                    0x20000000   Section        9  bluetooth.o(.data)
    .data                                    0x2000000a   Section        4  delay.o(.data)
    fac_us                                   0x2000000a   Data           1  delay.o(.data)
    fac_ms                                   0x2000000c   Data           2  delay.o(.data)
    .data                                    0x20000010   Section       92  status.o(.data)
    .data                                    0x2000006c   Section        2  encoder.o(.data)
    .data                                    0x2000006e   Section       16  stm32f4xx_rcc.o(.data)
    APBAHBPrescTable                         0x2000006e   Data          16  stm32f4xx_rcc.o(.data)
    STACK                                    0x20000080   Section     1024  startup_stm32f40_41xxx.o(STACK)

    Global Symbols

    Symbol Name                              Value     Ov Type        Size  Object(Section)

    BuildAttributes$$THM_ISAv4$E$P$D$K$B$S$7EM$VFPi3$EXTD16$VFPS$VFMA$PE$A:L22UL41UL21$X:L11$S22US41US21$IEEE1$IW$USESV6$~STKCKD$USESV7$~SHL$OSPACE$EBA8$MICROLIB$REQ8$PRES8$EABIv2 0x00000000   Number         0  anon$$obj.o ABSOLUTE
    __ARM_use_no_argv                        0x00000000   Number         0  main.o ABSOLUTE
    __cpp_initialize__aeabi_                  - Undefined Weak Reference
    __cxa_finalize                            - Undefined Weak Reference
    __decompress                              - Undefined Weak Reference
    _clock_init                               - Undefined Weak Reference
    _microlib_exit                            - Undefined Weak Reference
    __Vectors_Size                           0x00000188   Number         0  startup_stm32f40_41xxx.o ABSOLUTE
    __Vectors                                0x08000000   Data           4  startup_stm32f40_41xxx.o(RESET)
    __Vectors_End                            0x08000188   Data           0  startup_stm32f40_41xxx.o(RESET)
    __main                                   0x08000189   Thumb Code     0  entry.o(.ARM.Collect$$$$00000000)
    _main_stk                                0x08000189   Thumb Code     0  entry2.o(.ARM.Collect$$$$00000001)
    _main_scatterload                        0x0800018d   Thumb Code     0  entry5.o(.ARM.Collect$$$$00000004)
    __main_after_scatterload                 0x08000191   Thumb Code     0  entry5.o(.ARM.Collect$$$$00000004)
    _main_clock                              0x08000191   Thumb Code     0  entry7b.o(.ARM.Collect$$$$00000008)
    _main_cpp_init                           0x08000191   Thumb Code     0  entry8b.o(.ARM.Collect$$$$0000000A)
    _main_init                               0x08000191   Thumb Code     0  entry9a.o(.ARM.Collect$$$$0000000B)
    __rt_final_cpp                           0x08000199   Thumb Code     0  entry10a.o(.ARM.Collect$$$$0000000D)
    __rt_final_exit                          0x08000199   Thumb Code     0  entry11a.o(.ARM.Collect$$$$0000000F)
    Reset_Handler                            0x0800019d   Thumb Code     8  startup_stm32f40_41xxx.o(.text)
    NMI_Handler                              0x080001a5   Thumb Code     2  startup_stm32f40_41xxx.o(.text)
    HardFault_Handler                        0x080001a7   Thumb Code     2  startup_stm32f40_41xxx.o(.text)
    MemManage_Handler                        0x080001a9   Thumb Code     2  startup_stm32f40_41xxx.o(.text)
    BusFault_Handler                         0x080001ab   Thumb Code     2  startup_stm32f40_41xxx.o(.text)
    UsageFault_Handler                       0x080001ad   Thumb Code     2  startup_stm32f40_41xxx.o(.text)
    SVC_Handler                              0x080001af   Thumb Code     2  startup_stm32f40_41xxx.o(.text)
    DebugMon_Handler                         0x080001b1   Thumb Code     2  startup_stm32f40_41xxx.o(.text)
    PendSV_Handler                           0x080001b3   Thumb Code     2  startup_stm32f40_41xxx.o(.text)
    SysTick_Handler                          0x080001b5   Thumb Code     2  startup_stm32f40_41xxx.o(.text)
    ADC_IRQHandler                           0x080001b7   Thumb Code     0  startup_stm32f40_41xxx.o(.text)
    CAN1_RX0_IRQHandler                      0x080001b7   Thumb Code     0  startup_stm32f40_41xxx.o(.text)
    CAN1_RX1_IRQHandler                      0x080001b7   Thumb Code     0  startup_stm32f40_41xxx.o(.text)
    CAN1_SCE_IRQHandler                      0x080001b7   Thumb Code     0  startup_stm32f40_41xxx.o(.text)
    CAN1_TX_IRQHandler                       0x080001b7   Thumb Code     0  startup_stm32f40_41xxx.o(.text)
    CAN2_RX0_IRQHandler                      0x080001b7   Thumb Code     0  startup_stm32f40_41xxx.o(.text)
    CAN2_RX1_IRQHandler                      0x080001b7   Thumb Code     0  startup_stm32f40_41xxx.o(.text)
    CAN2_SCE_IRQHandler                      0x080001b7   Thumb Code     0  startup_stm32f40_41xxx.o(.text)
    CAN2_TX_IRQHandler                       0x080001b7   Thumb Code     0  startup_stm32f40_41xxx.o(.text)
    CRYP_IRQHandler                          0x080001b7   Thumb Code     0  startup_stm32f40_41xxx.o(.text)
    DCMI_IRQHandler                          0x080001b7   Thumb Code     0  startup_stm32f40_41xxx.o(.text)
    DMA1_Stream0_IRQHandler                  0x080001b7   Thumb Code     0  startup_stm32f40_41xxx.o(.text)
    DMA1_Stream1_IRQHandler                  0x080001b7   Thumb Code     0  startup_stm32f40_41xxx.o(.text)
    DMA1_Stream2_IRQHandler                  0x080001b7   Thumb Code     0  startup_stm32f40_41xxx.o(.text)
    DMA1_Stream3_IRQHandler                  0x080001b7   Thumb Code     0  startup_stm32f40_41xxx.o(.text)
    DMA1_Stream4_IRQHandler                  0x080001b7   Thumb Code     0  startup_stm32f40_41xxx.o(.text)
    DMA1_Stream5_IRQHandler                  0x080001b7   Thumb Code     0  startup_stm32f40_41xxx.o(.text)
    DMA1_Stream6_IRQHandler                  0x080001b7   Thumb Code     0  startup_stm32f40_41xxx.o(.text)
    DMA1_Stream7_IRQHandler                  0x080001b7   Thumb Code     0  startup_stm32f40_41xxx.o(.text)
    DMA2_Stream0_IRQHandler                  0x080001b7   Thumb Code     0  startup_stm32f40_41xxx.o(.text)
    DMA2_Stream1_IRQHandler                  0x080001b7   Thumb Code     0  startup_stm32f40_41xxx.o(.text)
    DMA2_Stream2_IRQHandler                  0x080001b7   Thumb Code     0  startup_stm32f40_41xxx.o(.text)
    DMA2_Stream3_IRQHandler                  0x080001b7   Thumb Code     0  startup_stm32f40_41xxx.o(.text)
    DMA2_Stream4_IRQHandler                  0x080001b7   Thumb Code     0  startup_stm32f40_41xxx.o(.text)
    DMA2_Stream5_IRQHandler                  0x080001b7   Thumb Code     0  startup_stm32f40_41xxx.o(.text)
    DMA2_Stream6_IRQHandler                  0x080001b7   Thumb Code     0  startup_stm32f40_41xxx.o(.text)
    DMA2_Stream7_IRQHandler                  0x080001b7   Thumb Code     0  startup_stm32f40_41xxx.o(.text)
    ETH_IRQHandler                           0x080001b7   Thumb Code     0  startup_stm32f40_41xxx.o(.text)
    ETH_WKUP_IRQHandler                      0x080001b7   Thumb Code     0  startup_stm32f40_41xxx.o(.text)
    EXTI0_IRQHandler                         0x080001b7   Thumb Code     0  startup_stm32f40_41xxx.o(.text)
    EXTI15_10_IRQHandler                     0x080001b7   Thumb Code     0  startup_stm32f40_41xxx.o(.text)
    EXTI1_IRQHandler                         0x080001b7   Thumb Code     0  startup_stm32f40_41xxx.o(.text)
    EXTI2_IRQHandler                         0x080001b7   Thumb Code     0  startup_stm32f40_41xxx.o(.text)
    EXTI3_IRQHandler                         0x080001b7   Thumb Code     0  startup_stm32f40_41xxx.o(.text)
    EXTI4_IRQHandler                         0x080001b7   Thumb Code     0  startup_stm32f40_41xxx.o(.text)
    EXTI9_5_IRQHandler                       0x080001b7   Thumb Code     0  startup_stm32f40_41xxx.o(.text)
    FLASH_IRQHandler                         0x080001b7   Thumb Code     0  startup_stm32f40_41xxx.o(.text)
    FPU_IRQHandler                           0x080001b7   Thumb Code     0  startup_stm32f40_41xxx.o(.text)
    FSMC_IRQHandler                          0x080001b7   Thumb Code     0  startup_stm32f40_41xxx.o(.text)
    HASH_RNG_IRQHandler                      0x080001b7   Thumb Code     0  startup_stm32f40_41xxx.o(.text)
    I2C1_ER_IRQHandler                       0x080001b7   Thumb Code     0  startup_stm32f40_41xxx.o(.text)
    I2C1_EV_IRQHandler                       0x080001b7   Thumb Code     0  startup_stm32f40_41xxx.o(.text)
    I2C2_ER_IRQHandler                       0x080001b7   Thumb Code     0  startup_stm32f40_41xxx.o(.text)
    I2C2_EV_IRQHandler                       0x080001b7   Thumb Code     0  startup_stm32f40_41xxx.o(.text)
    I2C3_ER_IRQHandler                       0x080001b7   Thumb Code     0  startup_stm32f40_41xxx.o(.text)
    I2C3_EV_IRQHandler                       0x080001b7   Thumb Code     0  startup_stm32f40_41xxx.o(.text)
    OTG_FS_IRQHandler                        0x080001b7   Thumb Code     0  startup_stm32f40_41xxx.o(.text)
    OTG_FS_WKUP_IRQHandler                   0x080001b7   Thumb Code     0  startup_stm32f40_41xxx.o(.text)
    OTG_HS_EP1_IN_IRQHandler                 0x080001b7   Thumb Code     0  startup_stm32f40_41xxx.o(.text)
    OTG_HS_EP1_OUT_IRQHandler                0x080001b7   Thumb Code     0  startup_stm32f40_41xxx.o(.text)
    OTG_HS_IRQHandler                        0x080001b7   Thumb Code     0  startup_stm32f40_41xxx.o(.text)
    OTG_HS_WKUP_IRQHandler                   0x080001b7   Thumb Code     0  startup_stm32f40_41xxx.o(.text)
    PVD_IRQHandler                           0x080001b7   Thumb Code     0  startup_stm32f40_41xxx.o(.text)
    RCC_IRQHandler                           0x080001b7   Thumb Code     0  startup_stm32f40_41xxx.o(.text)
    RTC_Alarm_IRQHandler                     0x080001b7   Thumb Code     0  startup_stm32f40_41xxx.o(.text)
    RTC_WKUP_IRQHandler                      0x080001b7   Thumb Code     0  startup_stm32f40_41xxx.o(.text)
    SDIO_IRQHandler                          0x080001b7   Thumb Code     0  startup_stm32f40_41xxx.o(.text)
    SPI1_IRQHandler                          0x080001b7   Thumb Code     0  startup_stm32f40_41xxx.o(.text)
    SPI2_IRQHandler                          0x080001b7   Thumb Code     0  startup_stm32f40_41xxx.o(.text)
    SPI3_IRQHandler                          0x080001b7   Thumb Code     0  startup_stm32f40_41xxx.o(.text)
    TAMP_STAMP_IRQHandler                    0x080001b7   Thumb Code     0  startup_stm32f40_41xxx.o(.text)
    TIM1_BRK_TIM9_IRQHandler                 0x080001b7   Thumb Code     0  startup_stm32f40_41xxx.o(.text)
    TIM1_CC_IRQHandler                       0x080001b7   Thumb Code     0  startup_stm32f40_41xxx.o(.text)
    TIM1_TRG_COM_TIM11_IRQHandler            0x080001b7   Thumb Code     0  startup_stm32f40_41xxx.o(.text)
    TIM1_UP_TIM10_IRQHandler                 0x080001b7   Thumb Code     0  startup_stm32f40_41xxx.o(.text)
    TIM8_BRK_TIM12_IRQHandler                0x080001b7   Thumb Code     0  startup_stm32f40_41xxx.o(.text)
    TIM8_CC_IRQHandler                       0x080001b7   Thumb Code     0  startup_stm32f40_41xxx.o(.text)
    TIM8_TRG_COM_TIM14_IRQHandler            0x080001b7   Thumb Code     0  startup_stm32f40_41xxx.o(.text)
    TIM8_UP_TIM13_IRQHandler                 0x080001b7   Thumb Code     0  startup_stm32f40_41xxx.o(.text)
    UART4_IRQHandler                         0x080001b7   Thumb Code     0  startup_stm32f40_41xxx.o(.text)
    UART5_IRQHandler                         0x080001b7   Thumb Code     0  startup_stm32f40_41xxx.o(.text)
    USART2_IRQHandler                        0x080001b7   Thumb Code     0  startup_stm32f40_41xxx.o(.text)
    USART3_IRQHandler                        0x080001b7   Thumb Code     0  startup_stm32f40_41xxx.o(.text)
    USART6_IRQHandler                        0x080001b7   Thumb Code     0  startup_stm32f40_41xxx.o(.text)
    WWDG_IRQHandler                          0x080001b7   Thumb Code     0  startup_stm32f40_41xxx.o(.text)
    __scatterload                            0x080001c1   Thumb Code    28  init.o(.text)
    __scatterload_rt2                        0x080001c1   Thumb Code     0  init.o(.text)
    ARSD_Init                                0x080001e5   Thumb Code    12  auto_receive_send_data.o(i.ARSD_Init)
    ARSD_NVIC_Config                         0x080001f1   Thumb Code    34  auto_receive_send_data.o(i.ARSD_NVIC_Config)
    ARSD_TIM7_Config                         0x08000215   Thumb Code    62  auto_receive_send_data.o(i.ARSD_TIM7_Config)
    Data_Send_PID                            0x08000259   Thumb Code   464  send_data.o(i.Data_Send_PID)
    Data_Send_PWM                            0x08000449   Thumb Code   182  send_data.o(i.Data_Send_PWM)
    Data_Send_Position                       0x0800050d   Thumb Code    66  send_data.o(i.Data_Send_Position)
    Data_Send_Speed                          0x08000559   Thumb Code   172  send_data.o(i.Data_Send_Speed)
    GPIO_Init                                0x08000611   Thumb Code   144  stm32f4xx_gpio.o(i.GPIO_Init)
    GPIO_PinAFConfig                         0x080006a1   Thumb Code    70  stm32f4xx_gpio.o(i.GPIO_PinAFConfig)
    GPIO_ReadInputDataBit                    0x080006e7   Thumb Code    18  stm32f4xx_gpio.o(i.GPIO_ReadInputDataBit)
    Init_Encoder                             0x080006f9   Thumb Code    16  encoder.o(i.Init_Encoder)
    NVIC_Init                                0x08000709   Thumb Code   106  misc.o(i.NVIC_Init)
    NVIC_PriorityGroupConfig                 0x08000781   Thumb Code    10  misc.o(i.NVIC_PriorityGroupConfig)
    Parameter_Init                           0x08000795   Thumb Code    12  pid.o(i.Parameter_Init)
    RCC_AHB1PeriphClockCmd                   0x080007a1   Thumb Code    26  stm32f4xx_rcc.o(i.RCC_AHB1PeriphClockCmd)
    RCC_APB1PeriphClockCmd                   0x080007c1   Thumb Code    26  stm32f4xx_rcc.o(i.RCC_APB1PeriphClockCmd)
    RCC_APB1PeriphResetCmd                   0x080007e1   Thumb Code    26  stm32f4xx_rcc.o(i.RCC_APB1PeriphResetCmd)
    RCC_APB2PeriphClockCmd                   0x08000801   Thumb Code    26  stm32f4xx_rcc.o(i.RCC_APB2PeriphClockCmd)
    RCC_APB2PeriphResetCmd                   0x08000821   Thumb Code    26  stm32f4xx_rcc.o(i.RCC_APB2PeriphResetCmd)
    RCC_GetClocksFreq                        0x08000841   Thumb Code   214  stm32f4xx_rcc.o(i.RCC_GetClocksFreq)
    SysTick_CLKSourceConfig                  0x08000a15   Thumb Code    40  misc.o(i.SysTick_CLKSourceConfig)
    SystemInit                               0x08000a3d   Thumb Code    88  system_stm32f4xx.o(i.SystemInit)
    TIM2_IRQHandler                          0x08000bc9   Thumb Code   106  encoder.o(i.TIM2_IRQHandler)
    TIM2_Init                                0x08000c45   Thumb Code    94  encoder.o(i.TIM2_Init)
    TIM3_IRQHandler                          0x08000ca5   Thumb Code    64  encoder.o(i.TIM3_IRQHandler)
    TIM3_Init                                0x08000cf1   Thumb Code   266  encoder.o(i.TIM3_Init)
    TIM4_IRQHandler                          0x08000e09   Thumb Code    64  encoder.o(i.TIM4_IRQHandler)
    TIM4_Init                                0x08000e55   Thumb Code   226  encoder.o(i.TIM4_Init)
    TIM5_IRQHandler                          0x08000f41   Thumb Code   384  pid.o(i.TIM5_IRQHandler)
    TIM6_DAC_IRQHandler                      0x080010f5   Thumb Code   140  infrared.o(i.TIM6_DAC_IRQHandler)
    TIM7_IRQHandler                          0x08001189   Thumb Code    40  auto_receive_send_data.o(i.TIM7_IRQHandler)
    TIM_ARRPreloadConfig                     0x080011b5   Thumb Code    24  stm32f4xx_tim.o(i.TIM_ARRPreloadConfig)
    TIM_ClearFlag                            0x080011cd   Thumb Code     6  stm32f4xx_tim.o(i.TIM_ClearFlag)
    TIM_ClearITPendingBit                    0x080011d3   Thumb Code     6  stm32f4xx_tim.o(i.TIM_ClearITPendingBit)
    TIM_Cmd                                  0x080011d9   Thumb Code    24  stm32f4xx_tim.o(i.TIM_Cmd)
    TIM_CtrlPWMOutputs                       0x080011f1   Thumb Code    30  stm32f4xx_tim.o(i.TIM_CtrlPWMOutputs)
    TIM_DeInit                               0x08001211   Thumb Code   346  stm32f4xx_tim.o(i.TIM_DeInit)
    TIM_EncoderInterfaceConfig               0x080013a1   Thumb Code    66  stm32f4xx_tim.o(i.TIM_EncoderInterfaceConfig)
    TIM_GetCounter                           0x080013e3   Thumb Code     6  stm32f4xx_tim.o(i.TIM_GetCounter)
    TIM_GetITStatus                          0x080013e9   Thumb Code    34  stm32f4xx_tim.o(i.TIM_GetITStatus)
    TIM_ICInit                               0x0800140b   Thumb Code   110  stm32f4xx_tim.o(i.TIM_ICInit)
    TIM_ITConfig                             0x08001479   Thumb Code    18  stm32f4xx_tim.o(i.TIM_ITConfig)
    TIM_OC1Init                              0x0800148d   Thumb Code   114  stm32f4xx_tim.o(i.TIM_OC1Init)
    TIM_OC2Init                              0x08001509   Thumb Code   154  stm32f4xx_tim.o(i.TIM_OC2Init)
    TIM_OC2PreloadConfig                     0x080015ad   Thumb Code    26  stm32f4xx_tim.o(i.TIM_OC2PreloadConfig)
    TIM_SetCounter                           0x080015c7   Thumb Code     4  stm32f4xx_tim.o(i.TIM_SetCounter)
    TIM_SetIC1Prescaler                      0x080015cb   Thumb Code    18  stm32f4xx_tim.o(i.TIM_SetIC1Prescaler)
    TIM_SetIC2Prescaler                      0x080015dd   Thumb Code    26  stm32f4xx_tim.o(i.TIM_SetIC2Prescaler)
    TIM_SetIC3Prescaler                      0x080015f7   Thumb Code    18  stm32f4xx_tim.o(i.TIM_SetIC3Prescaler)
    TIM_SetIC4Prescaler                      0x08001609   Thumb Code    26  stm32f4xx_tim.o(i.TIM_SetIC4Prescaler)
    TIM_TimeBaseInit                         0x08001625   Thumb Code   104  stm32f4xx_tim.o(i.TIM_TimeBaseInit)
    TIM_TimeBaseStructInit                   0x080016a9   Thumb Code    18  stm32f4xx_tim.o(i.TIM_TimeBaseStructInit)
    USART1_IRQHandler                        0x080016bd   Thumb Code    50  bluetooth.o(i.USART1_IRQHandler)
    USART_Cmd                                0x080016f5   Thumb Code    24  stm32f4xx_usart.o(i.USART_Cmd)
    USART_GetFlagStatus                      0x0800170d   Thumb Code    26  stm32f4xx_usart.o(i.USART_GetFlagStatus)
    USART_GetITStatus                        0x08001727   Thumb Code    84  stm32f4xx_usart.o(i.USART_GetITStatus)
    USART_ITConfig                           0x0800177b   Thumb Code    74  stm32f4xx_usart.o(i.USART_ITConfig)
    USART_Init                               0x080017c5   Thumb Code   204  stm32f4xx_usart.o(i.USART_Init)
    USART_SendData                           0x08001899   Thumb Code     8  stm32f4xx_usart.o(i.USART_SendData)
    Uart1_Put_Buf                            0x080018a1   Thumb Code    42  bluetooth.o(i.Uart1_Put_Buf)
    __scatterload_copy                       0x080018d5   Thumb Code    14  handlers.o(i.__scatterload_copy)
    __scatterload_null                       0x080018e3   Thumb Code     2  handlers.o(i.__scatterload_null)
    __scatterload_zeroinit                   0x080018e5   Thumb Code    14  handlers.o(i.__scatterload_zeroinit)
    bluetooth_GPIO_Config                    0x080018f5   Thumb Code    80  bluetooth.o(i.bluetooth_GPIO_Config)
    bluetooth_Init                           0x08001949   Thumb Code    16  bluetooth.o(i.bluetooth_Init)
    bluetooth_NVIC_Config                    0x08001959   Thumb Code    32  bluetooth.o(i.bluetooth_NVIC_Config)
    bluetooth_USART_Config                   0x08001979   Thumb Code    70  bluetooth.o(i.bluetooth_USART_Config)
    delay_Init                               0x080019c5   Thumb Code    52  delay.o(i.delay_Init)
    infrared_GPIO_Config                     0x08001a01   Thumb Code    40  infrared.o(i.infrared_GPIO_Config)
    infrared_Init                            0x08001a2d   Thumb Code    16  infrared.o(i.infrared_Init)
    infrared_NVIC_Config                     0x08001a3d   Thumb Code    40  infrared.o(i.infrared_NVIC_Config)
    infrared_TIM6_Config                     0x08001a65   Thumb Code    62  infrared.o(i.infrared_TIM6_Config)
    infrared_data_read                       0x08001aa9   Thumb Code    86  infrared.o(i.infrared_data_read)
    main                                     0x08001b0d   Thumb Code    38  main.o(i.main)
    motor_Init                               0x08001bc1   Thumb Code    12  motor.o(i.motor_Init)
    motor_Parameter                          0x08001c51   Thumb Code    62  motor.o(i.motor_Parameter)
    parameter_Mode_Config                    0x08001cb9   Thumb Code    60  pid.o(i.parameter_Mode_Config)
    parameter_NVIC_Config                    0x08001cf9   Thumb Code    34  pid.o(i.parameter_NVIC_Config)
    steer_Init                               0x08001d55   Thumb Code    12  steer.o(i.steer_Init)
    steer_PWM                                0x08001dd5   Thumb Code     6  steer.o(i.steer_PWM)
    steer_Parameter                          0x08001ddd   Thumb Code    28  steer.o(i.steer_Parameter)
    Region$$Table$$Base                      0x08001e08   Number         0  anon$$obj.o(Region$$Table)
    Region$$Table$$Limit                     0x08001e28   Number         0  anon$$obj.o(Region$$Table)
    data_to_send                             0x20000000   Data           9  bluetooth.o(.data)
    Position                                 0x20000010   Data           4  status.o(.data)
    SpeedL                                   0x20000014   Data           4  status.o(.data)
    SpeedR                                   0x20000018   Data           4  status.o(.data)
    SpeedL_Ex                                0x2000001c   Data           4  status.o(.data)
    SpeedR_Ex                                0x20000020   Data           4  status.o(.data)
    SpeedL_Er_New                            0x20000024   Data           4  status.o(.data)
    SpeedL_Er_Last                           0x20000028   Data           4  status.o(.data)
    SpeedL_Er_Lalast                         0x2000002c   Data           4  status.o(.data)
    SpeedR_Er_New                            0x20000030   Data           4  status.o(.data)
    SpeedR_Er_Last                           0x20000034   Data           4  status.o(.data)
    SpeedR_Er_Lalast                         0x20000038   Data           4  status.o(.data)
    Steer_Er_New                             0x2000003c   Data           4  status.o(.data)
    Steer_Er_Last                            0x20000040   Data           4  status.o(.data)
    Steer_Er_Lalast                          0x20000044   Data           4  status.o(.data)
    Motor_PWML                               0x20000048   Data           4  status.o(.data)
    Motor_PWMR                               0x2000004c   Data           4  status.o(.data)
    Steer_PWM                                0x20000050   Data           4  status.o(.data)
    SpeedP                                   0x20000054   Data           4  status.o(.data)
    SpeedI                                   0x20000058   Data           4  status.o(.data)
    SpeedD                                   0x2000005c   Data           4  status.o(.data)
    SteerP                                   0x20000060   Data           4  status.o(.data)
    SteerI                                   0x20000064   Data           4  status.o(.data)
    SteerD                                   0x20000068   Data           4  status.o(.data)
    Error_times                              0x2000006c   Data           2  encoder.o(.data)
    __initial_sp                             0x20000480   Data           0  startup_stm32f40_41xxx.o(STACK)



==============================================================================

Memory Map of the image

  Image Entry point : 0x08000189

  Load Region LR_IROM1 (Base: 0x08000000, Size: 0x00001ea8, Max: 0x00080000, ABSOLUTE)

    Execution Region ER_IROM1 (Base: 0x08000000, Size: 0x00001e28, Max: 0x00080000, ABSOLUTE)

    Base Addr    Size         Type   Attr      Idx    E Section Name        Object

    0x08000000   0x00000188   Data   RO         2784    RESET               startup_stm32f40_41xxx.o
    0x08000188   0x00000000   Code   RO         2830  * .ARM.Collect$$$$00000000  mc_w.l(entry.o)
    0x08000188   0x00000004   Code   RO         2833    .ARM.Collect$$$$00000001  mc_w.l(entry2.o)
    0x0800018c   0x00000004   Code   RO         2836    .ARM.Collect$$$$00000004  mc_w.l(entry5.o)
    0x08000190   0x00000000   Code   RO         2838    .ARM.Collect$$$$00000008  mc_w.l(entry7b.o)
    0x08000190   0x00000000   Code   RO         2840    .ARM.Collect$$$$0000000A  mc_w.l(entry8b.o)
    0x08000190   0x00000008   Code   RO         2841    .ARM.Collect$$$$0000000B  mc_w.l(entry9a.o)
    0x08000198   0x00000000   Code   RO         2843    .ARM.Collect$$$$0000000D  mc_w.l(entry10a.o)
    0x08000198   0x00000000   Code   RO         2845    .ARM.Collect$$$$0000000F  mc_w.l(entry11a.o)
    0x08000198   0x00000004   Code   RO         2834    .ARM.Collect$$$$00002712  mc_w.l(entry2.o)
    0x0800019c   0x00000024   Code   RO         2785    .text               startup_stm32f40_41xxx.o
    0x080001c0   0x00000024   Code   RO         2847    .text               mc_w.l(init.o)
    0x080001e4   0x0000000c   Code   RO          241    i.ARSD_Init         auto_receive_send_data.o
    0x080001f0   0x00000022   Code   RO          242    i.ARSD_NVIC_Config  auto_receive_send_data.o
    0x08000212   0x00000002   PAD
    0x08000214   0x00000044   Code   RO          243    i.ARSD_TIM7_Config  auto_receive_send_data.o
    0x08000258   0x000001f0   Code   RO          193    i.Data_Send_PID     send_data.o
    0x08000448   0x000000c4   Code   RO          194    i.Data_Send_PWM     send_data.o
    0x0800050c   0x0000004c   Code   RO          195    i.Data_Send_Position  send_data.o
    0x08000558   0x000000b8   Code   RO          196    i.Data_Send_Speed   send_data.o
    0x08000610   0x00000090   Code   RO         1198    i.GPIO_Init         stm32f4xx_gpio.o
    0x080006a0   0x00000046   Code   RO         1199    i.GPIO_PinAFConfig  stm32f4xx_gpio.o
    0x080006e6   0x00000012   Code   RO         1202    i.GPIO_ReadInputDataBit  stm32f4xx_gpio.o
    0x080006f8   0x00000010   Code   RO          416    i.Init_Encoder      encoder.o
    0x08000708   0x00000078   Code   RO          651    i.NVIC_Init         misc.o
    0x08000780   0x00000014   Code   RO          652    i.NVIC_PriorityGroupConfig  misc.o
    0x08000794   0x0000000c   Code   RO          601    i.Parameter_Init    pid.o
    0x080007a0   0x00000020   Code   RO         1527    i.RCC_AHB1PeriphClockCmd  stm32f4xx_rcc.o
    0x080007c0   0x00000020   Code   RO         1536    i.RCC_APB1PeriphClockCmd  stm32f4xx_rcc.o
    0x080007e0   0x00000020   Code   RO         1538    i.RCC_APB1PeriphResetCmd  stm32f4xx_rcc.o
    0x08000800   0x00000020   Code   RO         1539    i.RCC_APB2PeriphClockCmd  stm32f4xx_rcc.o
    0x08000820   0x00000020   Code   RO         1541    i.RCC_APB2PeriphResetCmd  stm32f4xx_rcc.o
    0x08000840   0x000000e8   Code   RO         1548    i.RCC_GetClocksFreq  stm32f4xx_rcc.o
    0x08000928   0x000000ec   Code   RO         2792    i.SetSysClock       system_stm32f4xx.o
    0x08000a14   0x00000028   Code   RO          655    i.SysTick_CLKSourceConfig  misc.o
    0x08000a3c   0x00000068   Code   RO         2794    i.SystemInit        system_stm32f4xx.o
    0x08000aa4   0x0000003a   Code   RO         2027    i.TI1_Config        stm32f4xx_tim.o
    0x08000ade   0x00000050   Code   RO         2028    i.TI2_Config        stm32f4xx_tim.o
    0x08000b2e   0x00000048   Code   RO         2029    i.TI3_Config        stm32f4xx_tim.o
    0x08000b76   0x00000050   Code   RO         2030    i.TI4_Config        stm32f4xx_tim.o
    0x08000bc6   0x00000002   PAD
    0x08000bc8   0x0000007c   Code   RO          417    i.TIM2_IRQHandler   encoder.o
    0x08000c44   0x0000005e   Code   RO          418    i.TIM2_Init         encoder.o
    0x08000ca2   0x00000002   PAD
    0x08000ca4   0x0000004c   Code   RO          419    i.TIM3_IRQHandler   encoder.o
    0x08000cf0   0x00000118   Code   RO          420    i.TIM3_Init         encoder.o
    0x08000e08   0x0000004c   Code   RO          421    i.TIM4_IRQHandler   encoder.o
    0x08000e54   0x000000ec   Code   RO          422    i.TIM4_Init         encoder.o
    0x08000f40   0x000001b4   Code   RO          602    i.TIM5_IRQHandler   pid.o
    0x080010f4   0x00000094   Code   RO          537    i.TIM6_DAC_IRQHandler  infrared.o
    0x08001188   0x0000002c   Code   RO          244    i.TIM7_IRQHandler   auto_receive_send_data.o
    0x080011b4   0x00000018   Code   RO         2031    i.TIM_ARRPreloadConfig  stm32f4xx_tim.o
    0x080011cc   0x00000006   Code   RO         2037    i.TIM_ClearFlag     stm32f4xx_tim.o
    0x080011d2   0x00000006   Code   RO         2038    i.TIM_ClearITPendingBit  stm32f4xx_tim.o
    0x080011d8   0x00000018   Code   RO         2043    i.TIM_Cmd           stm32f4xx_tim.o
    0x080011f0   0x0000001e   Code   RO         2045    i.TIM_CtrlPWMOutputs  stm32f4xx_tim.o
    0x0800120e   0x00000002   PAD
    0x08001210   0x00000190   Code   RO         2048    i.TIM_DeInit        stm32f4xx_tim.o
    0x080013a0   0x00000042   Code   RO         2052    i.TIM_EncoderInterfaceConfig  stm32f4xx_tim.o
    0x080013e2   0x00000006   Code   RO         2062    i.TIM_GetCounter    stm32f4xx_tim.o
    0x080013e8   0x00000022   Code   RO         2064    i.TIM_GetITStatus   stm32f4xx_tim.o
    0x0800140a   0x0000006e   Code   RO         2066    i.TIM_ICInit        stm32f4xx_tim.o
    0x08001478   0x00000012   Code   RO         2068    i.TIM_ITConfig      stm32f4xx_tim.o
    0x0800148a   0x00000002   PAD
    0x0800148c   0x0000007c   Code   RO         2072    i.TIM_OC1Init       stm32f4xx_tim.o
    0x08001508   0x000000a4   Code   RO         2077    i.TIM_OC2Init       stm32f4xx_tim.o
    0x080015ac   0x0000001a   Code   RO         2080    i.TIM_OC2PreloadConfig  stm32f4xx_tim.o
    0x080015c6   0x00000004   Code   RO         2109    i.TIM_SetCounter    stm32f4xx_tim.o
    0x080015ca   0x00000012   Code   RO         2110    i.TIM_SetIC1Prescaler  stm32f4xx_tim.o
    0x080015dc   0x0000001a   Code   RO         2111    i.TIM_SetIC2Prescaler  stm32f4xx_tim.o
    0x080015f6   0x00000012   Code   RO         2112    i.TIM_SetIC3Prescaler  stm32f4xx_tim.o
    0x08001608   0x0000001a   Code   RO         2113    i.TIM_SetIC4Prescaler  stm32f4xx_tim.o
    0x08001622   0x00000002   PAD
    0x08001624   0x00000084   Code   RO         2115    i.TIM_TimeBaseInit  stm32f4xx_tim.o
    0x080016a8   0x00000012   Code   RO         2116    i.TIM_TimeBaseStructInit  stm32f4xx_tim.o
    0x080016ba   0x00000002   PAD
    0x080016bc   0x00000038   Code   RO          126    i.USART1_IRQHandler  bluetooth.o
    0x080016f4   0x00000018   Code   RO         2597    i.USART_Cmd         stm32f4xx_usart.o
    0x0800170c   0x0000001a   Code   RO         2600    i.USART_GetFlagStatus  stm32f4xx_usart.o
    0x08001726   0x00000054   Code   RO         2601    i.USART_GetITStatus  stm32f4xx_usart.o
    0x0800177a   0x0000004a   Code   RO         2603    i.USART_ITConfig    stm32f4xx_usart.o
    0x080017c4   0x000000d4   Code   RO         2604    i.USART_Init        stm32f4xx_usart.o
    0x08001898   0x00000008   Code   RO         2614    i.USART_SendData    stm32f4xx_usart.o
    0x080018a0   0x00000034   Code   RO          127    i.Uart1_Put_Buf     bluetooth.o
    0x080018d4   0x0000000e   Code   RO         2851    i.__scatterload_copy  mc_w.l(handlers.o)
    0x080018e2   0x00000002   Code   RO         2852    i.__scatterload_null  mc_w.l(handlers.o)
    0x080018e4   0x0000000e   Code   RO         2853    i.__scatterload_zeroinit  mc_w.l(handlers.o)
    0x080018f2   0x00000002   PAD
    0x080018f4   0x00000054   Code   RO          129    i.bluetooth_GPIO_Config  bluetooth.o
    0x08001948   0x00000010   Code   RO          130    i.bluetooth_Init    bluetooth.o
    0x08001958   0x00000020   Code   RO          131    i.bluetooth_NVIC_Config  bluetooth.o
    0x08001978   0x0000004c   Code   RO          132    i.bluetooth_USART_Config  bluetooth.o
    0x080019c4   0x0000003c   Code   RO          286    i.delay_Init        delay.o
    0x08001a00   0x0000002c   Code   RO          539    i.infrared_GPIO_Config  infrared.o
    0x08001a2c   0x00000010   Code   RO          540    i.infrared_Init     infrared.o
    0x08001a3c   0x00000028   Code   RO          541    i.infrared_NVIC_Config  infrared.o
    0x08001a64   0x00000044   Code   RO          542    i.infrared_TIM6_Config  infrared.o
    0x08001aa8   0x00000064   Code   RO          543    i.infrared_data_read  infrared.o
    0x08001b0c   0x00000026   Code   RO            4    i.main              main.o
    0x08001b32   0x00000002   PAD
    0x08001b34   0x0000008c   Code   RO          364    i.motor_GPIO_Config  motor.o
    0x08001bc0   0x0000000c   Code   RO          365    i.motor_Init        motor.o
    0x08001bcc   0x00000084   Code   RO          366    i.motor_Mode_Config  motor.o
    0x08001c50   0x00000068   Code   RO          367    i.motor_Parameter   motor.o
    0x08001cb8   0x00000040   Code   RO          603    i.parameter_Mode_Config  pid.o
    0x08001cf8   0x00000022   Code   RO          604    i.parameter_NVIC_Config  pid.o
    0x08001d1a   0x00000002   PAD
    0x08001d1c   0x00000038   Code   RO          483    i.steer_GPIO_Config  steer.o
    0x08001d54   0x0000000c   Code   RO          484    i.steer_Init        steer.o
    0x08001d60   0x00000074   Code   RO          485    i.steer_Mode_Config  steer.o
    0x08001dd4   0x00000006   Code   RO          486    i.steer_PWM         steer.o
    0x08001dda   0x00000002   PAD
    0x08001ddc   0x0000002c   Code   RO          487    i.steer_Parameter   steer.o
    0x08001e08   0x00000020   Data   RO         2849    Region$$Table       anon$$obj.o


    Execution Region RW_IRAM1 (Base: 0x20000000, Size: 0x00000480, Max: 0x00020000, ABSOLUTE)

    Base Addr    Size         Type   Attr      Idx    E Section Name        Object

    0x20000000   0x00000009   Data   RW          134    .data               bluetooth.o
    0x20000009   0x00000001   PAD
    0x2000000a   0x00000004   Data   RW          291    .data               delay.o
    0x2000000e   0x00000002   PAD
    0x20000010   0x0000005c   Data   RW          339    .data               status.o
    0x2000006c   0x00000002   Data   RW          423    .data               encoder.o
    0x2000006e   0x00000010   Data   RW         1579    .data               stm32f4xx_rcc.o
    0x2000007e   0x00000002   PAD
    0x20000080   0x00000400   Zero   RW         2782    STACK               startup_stm32f40_41xxx.o


==============================================================================

Image component sizes


      Code (inc. data)   RO Data    RW Data    ZI Data      Debug   Object Name

       158         10          0          0          0       2320   auto_receive_send_data.o
       316         26          0          9          0       3902   bluetooth.o
        60          8          0          4          0        721   delay.o
       902         66          0          2          0       4387   encoder.o
       416         32          0          0          0       3308   infrared.o
        38          0          0          0          0     299655   main.o
       180         24          0          0          0       2381   misc.o
       388         58          0          0          0       2135   motor.o
       546         56          0          0          0       2135   pid.o
       952         68          0          0          0       2395   send_data.o
        36          8        392          0       1024        860   startup_stm32f40_41xxx.o
         0          0          0         92          0       1066   status.o
       234         26          0          0          0       2495   steer.o
       232          0          0          0          0       2723   stm32f4xx_gpio.o
       392         48          0         16          0       6297   stm32f4xx_rcc.o
      1570        102          0          0          0      18315   stm32f4xx_tim.o
       428          8          0          0          0       5401   stm32f4xx_usart.o
       340         32          0          0          0       1649   system_stm32f4xx.o

    ----------------------------------------------------------------------
      7208        572        424        128       1024     362145   Object Totals
         0          0         32          0          0          0   (incl. Generated)
        20          0          0          5          0          0   (incl. Padding)

    ----------------------------------------------------------------------

      Code (inc. data)   RO Data    RW Data    ZI Data      Debug   Library Member Name

         0          0          0          0          0          0   entry.o
         0          0          0          0          0          0   entry10a.o
         0          0          0          0          0          0   entry11a.o
         8          4          0          0          0          0   entry2.o
         4          0          0          0          0          0   entry5.o
         0          0          0          0          0          0   entry7b.o
         0          0          0          0          0          0   entry8b.o
         8          4          0          0          0          0   entry9a.o
        30          0          0          0          0          0   handlers.o
        36          8          0          0          0         68   init.o

    ----------------------------------------------------------------------
        88         16          0          0          0         68   Library Totals
         2          0          0          0          0          0   (incl. Padding)

    ----------------------------------------------------------------------

      Code (inc. data)   RO Data    RW Data    ZI Data      Debug   Library Name

        86         16          0          0          0         68   mc_w.l

    ----------------------------------------------------------------------
        88         16          0          0          0         68   Library Totals

    ----------------------------------------------------------------------

==============================================================================


      Code (inc. data)   RO Data    RW Data    ZI Data      Debug   

      7296        588        424        128       1024     354217   Grand Totals
      7296        588        424        128       1024     354217   ELF Image Totals
      7296        588        424        128          0          0   ROM Totals

==============================================================================

    Total RO  Size (Code + RO Data)                 7720 (   7.54kB)
    Total RW  Size (RW Data + ZI Data)              1152 (   1.13kB)
    Total ROM Size (Code + RO Data + RW Data)       7848 (   7.66kB)

==============================================================================

